core_cm0.h:623:22:void __NVIC_EnableIRQ(IRQn_Type)	16	static
core_cm0.h:659:22:void __NVIC_DisableIRQ(IRQn_Type)	16	static,ignoring_inline_asm
core_cm0.h:730:22:void __NVIC_SetPriority(IRQn_Type, uint32_t)	24	static
core_cm0.h:920:26:uint32_t SysTick_Config(uint32_t)	16	static
Gpio.cpp:11:1:Gpio::Gpio(GPIO_TypeDef*, uint16_t)	24	static
Gpio.cpp:18:6:void Gpio::GpioEnableClk()	24	static
Gpio.cpp:41:6:void Gpio::GpioSetOutputType(OUTPUT_TYPE_t)	16	static
Gpio.cpp:44:6:void Gpio::GpioSetOutputSpeed(OUT_SPEED_t)	16	static
Gpio.cpp:48:6:void Gpio::Set()	16	static
Gpio.cpp:51:6:void Gpio::Reset()	16	static
Gpio.cpp:54:6:void Gpio::Toggle()	16	static
Gpio.cpp:57:6:void Gpio::SetAsAF(GPIO_AF_t)	16	static
Gpio.cpp:75:6:void Gpio::SetAsAF(GPIO_AF_t, OUTPUT_TYPE_t)	16	static
Gpio.cpp:94:6:void Gpio::SetAsGenerapPurporseOutput(OUTPUT_TYPE_t)	16	static
Gpio.cpp:98:6:void Gpio::SetAsInput(GPIO_PU_PD_t)	16	static
Gpio.cpp:104:6:void Gpio::Deinit()	16	static
Gpio.cpp:111:6:bool Gpio::IsSet()	24	static
RFM69.cpp:52:1:RFM69::RFM69(SPI_TypeDef*, GPIO_TypeDef*, uint16_t, bool, SPI_DataSize_t)	24	static
RFM69.cpp:77:6:void chipSelect()	8	static
RFM69.cpp:81:6:void chipUnselect()	8	static
RFM69.cpp:85:5:int RFM69::getRSSI()	16	static
RFM69.cpp:89:6:void RFM69::setAutoreadRSSI(bool)	16	static
RFM69.cpp:93:6:void RFM69::setCSMA(bool)	16	static
RFM69.cpp:98:6:void RFM69::reset()	16	static
RFM69.cpp:116:6:bool RFM69::init()	16	static
RFM69.cpp:132:6:void RFM69::setFrequency(unsigned int)	16	static
RFM69.cpp:147:6:void RFM69::setFrequencyDerivation(unsigned int)	16	static
RFM69.cpp:161:6:void RFM69::setBitRate(unsigned int)	16	static
RFM69.cpp:175:9:uint8_t RFM69::readRegister(uint8_t)	32	static
RFM69.cpp:189:6:void RFM69::writeRegister(uint8_t, uint8_t)	16	static
RFM69.cpp:200:6:void RFM69::transmit(uint8_t)	16	static
RFM69.cpp:209:6:void RFM69::chipSelect()	16	static
RFM69.cpp:215:6:void RFM69::chipUnselect()	16	static
RFM69.cpp:221:11:RFM69Mode RFM69::setMode(RFM69Mode)	16	static
RFM69.cpp:256:6:void RFM69::setPASettings(uint8_t)	24	static
RFM69.cpp:296:6:void RFM69::setPowerLevel(uint8_t)	16	static
RFM69.cpp:306:6:void RFM69::setHighPowerSettings(bool)	16	static
RFM69.cpp:316:6:void RFM69::setCustomConfig(const uint8_t (*)[2], unsigned int)	32	static
RFM69.cpp:324:6:void RFM69::clearFIFO()	16	static
RFM69.cpp:330:6:void RFM69::waitForModeReady()	24	static
RFM69.cpp:338:6:void RFM69::sleep()	16	static
RFM69.cpp:343:5:int RFM69::receive(char*, unsigned int)	32	static
RFM69.cpp:365:5:int RFM69::_receive(char*, unsigned int)	40	static
RFM69.cpp:414:6:bool RFM69::setAESEncryption(const void*, unsigned int)	32	static
RFM69.cpp:449:6:void RFM69::waitForPacketSent()	24	static
RFM69.cpp:457:6:void RFM69::continuousBit(bool)	16	static
RFM69.cpp:474:5:int RFM69::readRSSI()	16	static
RFM69.cpp:481:6:void RFM69::dumpRegisters()	120	static
RFM69.cpp:495:6:void RFM69::setOOKMode(bool)	16	static
RFM69.cpp:515:6:void RFM69::setDataMode(RFM69DataMode)	16	static
RFM69.cpp:546:5:int RFM69::setPowerDBm(int8_t)	24	static
RFM69.cpp:612:6:bool RFM69::channelFree()	16	static
RFM69.cpp:624:5:int RFM69::send(const void*, unsigned int)	40	static
RFM69.cpp:716:6:void RFM69::SetResetPin(GPIO_TypeDef*, uint16_t)	40	static
RFM69.cpp:725:9:uint8_t RFM69::ReadTemperature(uint8_t)	16	static
RFM69.cpp:736:10:uint32_t RFM69::getFrequency()	24	static
RFM69.cpp:741:6:void RFM69::setAddress(uint16_t)	16	static
RFM69.cpp:748:6:void RFM69::setNetwork(uint8_t)	16	static
uart.cpp:25:1:Uart::Uart(USART_TypeDef*, uint32_t)	24	static
uart.cpp:35:6:void Uart::RingBufferClear()	16	static
uart.cpp:42:9:uint8_t Uart::ReadRingBuffer()	24	static
uart.cpp:54:10:uint16_t Uart::GetRingBufferSize()	16	static
uart.cpp:59:6:void Uart::InitGpio()	56	static
uart.cpp:110:6:void Uart::EnableClock(USART_TypeDef*)	16	static
uart.cpp:127:6:void Uart::Init()	24	static
uart.cpp:152:9:uint8_t Uart::ReceiveByte()	16	static
uart.cpp:156:6:void Uart::SendByte(uint8_t)	16	static
uart.cpp:162:6:void Uart::SendString(char*)	24	static
uart.cpp:169:6:void Uart::SendString(uint8_t*)	24	static
uart.cpp:174:6:void Uart::EnableTxInterrupt()	16	static
uart.cpp:190:6:void Uart::EnableRxInterrupt()	16	static
uart.cpp:205:6:void Uart::ResetRxCompleteFlag()	16	static
SPI.cpp:16:1:SPI::SPI(SPI_TypeDef*, SPI_DataSize_t)	24	static
SPI.cpp:44:6:void SPI::Config()	16	static
SPI.cpp:61:6:void SPI::InitGpio()	56	static
SPI.cpp:91:6:void SPI::EnableClk()	16	static
SPI.cpp:103:6:void SPI::SetFrameSize(SPI_DataSize_t)	16	static
SPI.cpp:115:6:void SPI::SetClockPrsc(SetClockPrsc_t)	16	static
SPI.cpp:120:6:void SPI::EnableSoftwareSlaveManagment()	16	static
SPI.cpp:126:6:void SPI::DisableSoftwareSlaveManagment()	16	static
SPI.cpp:131:6:void SPI::EnableMotorollaMode()	16	static
SPI.cpp:136:6:void SPI::nCS_Low()	16	static
SPI.cpp:141:6:void SPI::nCS_High()	16	static
SPI.cpp:146:6:void SPI::Enable()	16	static
SPI.cpp:151:6:void SPI::Disable()	16	static
SPI.cpp:156:6:void SPI::SetClockPolarity(ClockPol_t)	16	static
SPI.cpp:170:6:void SPI::SetClockPhase(ClockPhase_t)	16	static
SPI.cpp:183:6:void SPI::SetMsbLsbFirst(MSB_LSB_First_t)	16	static
SPI.cpp:195:9:uint8_t SPI::transfer(uint8_t)	16	static
SPI.cpp:208:6:void SPI::TransmitBlocking(uint8_t)	24	static
SPI.cpp:226:6:void SPI::ReceiveBlocking(uint16_t*, uint16_t)	24	static
SPI.cpp:235:9:uint8_t SPI::Receive()	24	static
SPI.cpp:251:6:void SPI::EnableIRQ()	16	static
SPI.cpp:260:10:uint16_t SPI::TransmitReceive16B(uint16_t)	16	static
SPI.cpp:272:9:uint8_t SPI::TransmitReceive8B(uint8_t)	24	static
main.cpp:35:5:int main()	192	static
main.cpp:72:17:void SysTick_Handler()	8	static
main.cpp:81:6:void delay_ms(unsigned int)	24	static
main.cpp:89:6:void mstimer_init()	8	static
main.cpp:98:10:uint32_t mstimer_get()	8	static
main.cpp:101:1:void __static_initialization_and_destruction_0(int, int)	16	static
main.cpp:101:1:cpp)	8	static
