st7789.c:22:6:ST7789_Init	16	static
st7789.c:43:6:ST7789_HardReset	8	static
st7789.c:50:6:ST7789_SoftReset	8	static
st7789.c:55:6:ST7789_SendCmd	16	static
st7789.c:68:6:ST7789_SendData	16	static
st7789.c:81:6:ST7789_SleepModeEnter	8	static
st7789.c:86:6:ST7789_SleepModeExit	8	static
st7789.c:91:6:ST7789_ColorModeSet	16	static
st7789.c:96:6:ST7789_MemAccessModeSet	32	static
st7789.c:141:6:ST7789_InversionMode	16	static
st7789.c:148:6:ST7789_FillScreen	24	static
st7789.c:152:6:ST7789_FillRect	32	static
st7789.c:165:6:ST7789_SetWindow	24	static
st7789.c:171:6:ST7789_RamWrite	16	static
st7789.c:178:6:ST7789_ColumnSet	16	static
st7789.c:194:6:ST7789_RowSet	16	static
st7789.c:210:6:ST7789_SetBL	16	static
st7789.c:216:6:ST7789_DisplayPower	16	static
st7789.c:223:6:ST7789_DrawRectangle	32	static
st7789.c:231:6:ST7789_DrawRectangleFilled	32	static
st7789.c:240:6:ST7789_DrawLine	32	static
st7789.c:265:6:SwapInt16Values	24	static
st7789.c:271:6:ST7789_DrawLine_Slow	40	static
st7789.c:297:6:ST7789_DrawPixel	16	static
st7789.c:305:6:ST7789_DrawCircleFilled	48	static
st7789.c:337:6:ST7789_DrawCircle	40	static
st7789.c:370:6:ST7789_DrawBMP	64	static
st7789.c:434:13:LCD_WriteMultiple	24	static
st7789.c:454:17:LCD_Color565	16	static
st7789.c:459:6:ST7789_DrawChar_5x8	32	static
st7789.c:489:6:ST7789_DrawChar_7x11	40	static
st7789.c:510:6:ST7789_print_5x8	40	static
st7789.c:525:6:ST7789_print_7x11	40	static
st7789.c:544:6:vFinaLCD_ClearScreenDMA	40	static
st7789.c:593:6:vFinaLCD_DrawImage240_240_FromFlashDMA	24	static
st7789.c:629:6:vFinaLCD_DrawImageFromFlashDMA	40	static
