Archive member included to satisfy reference by file (symbol)

c:/st/stm32cubeide_1.3.0/stm32cubeide/plugins/com.st.stm32cube.ide.mcu.externaltools.gnu-tools-for-stm32.7-2018-q2-update.win32_1.0.0.201904181610/tools/bin/../lib/gcc/arm-none-eabi/7.3.1/../../../../arm-none-eabi/lib/thumb/v7e-m/fpv5/hard\libc_nano.a(lib_a-errno.o)
                              Core/Src/syscalls.o (__errno)
c:/st/stm32cubeide_1.3.0/stm32cubeide/plugins/com.st.stm32cube.ide.mcu.externaltools.gnu-tools-for-stm32.7-2018-q2-update.win32_1.0.0.201904181610/tools/bin/../lib/gcc/arm-none-eabi/7.3.1/../../../../arm-none-eabi/lib/thumb/v7e-m/fpv5/hard\libc_nano.a(lib_a-exit.o)
                              c:/st/stm32cubeide_1.3.0/stm32cubeide/plugins/com.st.stm32cube.ide.mcu.externaltools.gnu-tools-for-stm32.7-2018-q2-update.win32_1.0.0.201904181610/tools/bin/../lib/gcc/arm-none-eabi/7.3.1/../../../../arm-none-eabi/lib/thumb/v7e-m/fpv5/hard/crt0.o (exit)
c:/st/stm32cubeide_1.3.0/stm32cubeide/plugins/com.st.stm32cube.ide.mcu.externaltools.gnu-tools-for-stm32.7-2018-q2-update.win32_1.0.0.201904181610/tools/bin/../lib/gcc/arm-none-eabi/7.3.1/../../../../arm-none-eabi/lib/thumb/v7e-m/fpv5/hard\libc_nano.a(lib_a-impure.o)
                              c:/st/stm32cubeide_1.3.0/stm32cubeide/plugins/com.st.stm32cube.ide.mcu.externaltools.gnu-tools-for-stm32.7-2018-q2-update.win32_1.0.0.201904181610/tools/bin/../lib/gcc/arm-none-eabi/7.3.1/../../../../arm-none-eabi/lib/thumb/v7e-m/fpv5/hard\libc_nano.a(lib_a-exit.o) (_global_impure_ptr)
c:/st/stm32cubeide_1.3.0/stm32cubeide/plugins/com.st.stm32cube.ide.mcu.externaltools.gnu-tools-for-stm32.7-2018-q2-update.win32_1.0.0.201904181610/tools/bin/../lib/gcc/arm-none-eabi/7.3.1/../../../../arm-none-eabi/lib/thumb/v7e-m/fpv5/hard\libc_nano.a(lib_a-init.o)
                              c:/st/stm32cubeide_1.3.0/stm32cubeide/plugins/com.st.stm32cube.ide.mcu.externaltools.gnu-tools-for-stm32.7-2018-q2-update.win32_1.0.0.201904181610/tools/bin/../lib/gcc/arm-none-eabi/7.3.1/../../../../arm-none-eabi/lib/thumb/v7e-m/fpv5/hard/crt0.o (__libc_init_array)
c:/st/stm32cubeide_1.3.0/stm32cubeide/plugins/com.st.stm32cube.ide.mcu.externaltools.gnu-tools-for-stm32.7-2018-q2-update.win32_1.0.0.201904181610/tools/bin/../lib/gcc/arm-none-eabi/7.3.1/../../../../arm-none-eabi/lib/thumb/v7e-m/fpv5/hard\libc_nano.a(lib_a-memset.o)
                              c:/st/stm32cubeide_1.3.0/stm32cubeide/plugins/com.st.stm32cube.ide.mcu.externaltools.gnu-tools-for-stm32.7-2018-q2-update.win32_1.0.0.201904181610/tools/bin/../lib/gcc/arm-none-eabi/7.3.1/../../../../arm-none-eabi/lib/thumb/v7e-m/fpv5/hard/crt0.o (memset)
c:/st/stm32cubeide_1.3.0/stm32cubeide/plugins/com.st.stm32cube.ide.mcu.externaltools.gnu-tools-for-stm32.7-2018-q2-update.win32_1.0.0.201904181610/tools/bin/../lib/gcc/arm-none-eabi/7.3.1/../../../../arm-none-eabi/lib/thumb/v7e-m/fpv5/hard\libc_nano.a(lib_a-sprintf.o)
                              Core/Src/main.o (sprintf)
c:/st/stm32cubeide_1.3.0/stm32cubeide/plugins/com.st.stm32cube.ide.mcu.externaltools.gnu-tools-for-stm32.7-2018-q2-update.win32_1.0.0.201904181610/tools/bin/../lib/gcc/arm-none-eabi/7.3.1/../../../../arm-none-eabi/lib/thumb/v7e-m/fpv5/hard\libc_nano.a(lib_a-strlen.o)
                              Core/Src/main.o (strlen)
c:/st/stm32cubeide_1.3.0/stm32cubeide/plugins/com.st.stm32cube.ide.mcu.externaltools.gnu-tools-for-stm32.7-2018-q2-update.win32_1.0.0.201904181610/tools/bin/../lib/gcc/arm-none-eabi/7.3.1/../../../../arm-none-eabi/lib/thumb/v7e-m/fpv5/hard\libc_nano.a(lib_a-vsnprintf.o)
                              Core/Src/main.o (vsnprintf)
c:/st/stm32cubeide_1.3.0/stm32cubeide/plugins/com.st.stm32cube.ide.mcu.externaltools.gnu-tools-for-stm32.7-2018-q2-update.win32_1.0.0.201904181610/tools/bin/../lib/gcc/arm-none-eabi/7.3.1/../../../../arm-none-eabi/lib/thumb/v7e-m/fpv5/hard\libc_nano.a(lib_a-nano-svfprintf.o)
                              c:/st/stm32cubeide_1.3.0/stm32cubeide/plugins/com.st.stm32cube.ide.mcu.externaltools.gnu-tools-for-stm32.7-2018-q2-update.win32_1.0.0.201904181610/tools/bin/../lib/gcc/arm-none-eabi/7.3.1/../../../../arm-none-eabi/lib/thumb/v7e-m/fpv5/hard\libc_nano.a(lib_a-sprintf.o) (_svfprintf_r)
c:/st/stm32cubeide_1.3.0/stm32cubeide/plugins/com.st.stm32cube.ide.mcu.externaltools.gnu-tools-for-stm32.7-2018-q2-update.win32_1.0.0.201904181610/tools/bin/../lib/gcc/arm-none-eabi/7.3.1/../../../../arm-none-eabi/lib/thumb/v7e-m/fpv5/hard\libc_nano.a(lib_a-nano-vfprintf_i.o)
                              c:/st/stm32cubeide_1.3.0/stm32cubeide/plugins/com.st.stm32cube.ide.mcu.externaltools.gnu-tools-for-stm32.7-2018-q2-update.win32_1.0.0.201904181610/tools/bin/../lib/gcc/arm-none-eabi/7.3.1/../../../../arm-none-eabi/lib/thumb/v7e-m/fpv5/hard\libc_nano.a(lib_a-nano-svfprintf.o) (_printf_i)
[...]
Memory Configuration

Name             Origin             Length             Attributes
RAM              0x0000000020000000 0x0000000000080000 xrw
FLASH            0x0000000008000000 0x0000000000200000 xr
*default*        0x0000000000000000 0xffffffffffffffff

Linker script and memory map

LOAD c:/st/stm32cubeide_1.3.0/stm32cubeide/plugins/com.st.stm32cube.ide.mcu.externaltools.gnu-tools-for-stm32.7-2018-q2-update.win32_1.0.0.201904181610/tools/bin/../lib/gcc/arm-none-eabi/7.3.1/thumb/v7e-m/fpv5/hard/crti.o
LOAD c:/st/stm32cubeide_1.3.0/stm32cubeide/plugins/com.st.stm32cube.ide.mcu.externaltools.gnu-tools-for-stm32.7-2018-q2-update.win32_1.0.0.201904181610/tools/bin/../lib/gcc/arm-none-eabi/7.3.1/thumb/v7e-m/fpv5/hard/crtbegin.o
LOAD c:/st/stm32cubeide_1.3.0/stm32cubeide/plugins/com.st.stm32cube.ide.mcu.externaltools.gnu-tools-for-stm32.7-2018-q2-update.win32_1.0.0.201904181610/tools/bin/../lib/gcc/arm-none-eabi/7.3.1/../../../../arm-none-eabi/lib/thumb/v7e-m/fpv5/hard/crt0.o
LOAD Core/MT48LC4M32B2/MT48LC4M32B2.o
LOAD Core/ST7789/st7789.o
LOAD Core/Src/fmc.o
LOAD Core/Src/gpio.o
LOAD Core/Src/main.o
LOAD Core/Src/spi.o
LOAD Core/Src/stm32f7xx_hal_msp.o
LOAD Core/Src/stm32f7xx_it.o
LOAD Core/Src/syscalls.o
LOAD Core/Src/sysmem.o
LOAD Core/Src/system_stm32f7xx.o
LOAD Core/Src/usart.o
LOAD Core/Startup/startup_stm32f769nihx.o
LOAD Drivers/STM32F7xx_HAL_Driver/Src/stm32f7xx_hal.o
LOAD Drivers/STM32F7xx_HAL_Driver/Src/stm32f7xx_hal_cortex.o
LOAD Drivers/STM32F7xx_HAL_Driver/Src/stm32f7xx_hal_dma.o
LOAD Drivers/STM32F7xx_HAL_Driver/Src/stm32f7xx_hal_dma_ex.o
LOAD Drivers/STM32F7xx_HAL_Driver/Src/stm32f7xx_hal_exti.o
LOAD Drivers/STM32F7xx_HAL_Driver/Src/stm32f7xx_hal_flash.o
LOAD Drivers/STM32F7xx_HAL_Driver/Src/stm32f7xx_hal_flash_ex.o
LOAD Drivers/STM32F7xx_HAL_Driver/Src/stm32f7xx_hal_gpio.o
LOAD Drivers/STM32F7xx_HAL_Driver/Src/stm32f7xx_hal_i2c.o
LOAD Drivers/STM32F7xx_HAL_Driver/Src/stm32f7xx_hal_i2c_ex.o
LOAD Drivers/STM32F7xx_HAL_Driver/Src/stm32f7xx_hal_pwr.o
LOAD Drivers/STM32F7xx_HAL_Driver/Src/stm32f7xx_hal_pwr_ex.o
LOAD Drivers/STM32F7xx_HAL_Driver/Src/stm32f7xx_hal_rcc.o
LOAD Drivers/STM32F7xx_HAL_Driver/Src/stm32f7xx_hal_rcc_ex.o
LOAD Drivers/STM32F7xx_HAL_Driver/Src/stm32f7xx_hal_sdram.o
LOAD Drivers/STM32F7xx_HAL_Driver/Src/stm32f7xx_hal_spi.o
LOAD Drivers/STM32F7xx_HAL_Driver/Src/stm32f7xx_hal_spi_ex.o
LOAD Drivers/STM32F7xx_HAL_Driver/Src/stm32f7xx_hal_tim.o
LOAD Drivers/STM32F7xx_HAL_Driver/Src/stm32f7xx_hal_tim_ex.o
LOAD Drivers/STM32F7xx_HAL_Driver/Src/stm32f7xx_hal_uart.o
LOAD Drivers/STM32F7xx_HAL_Driver/Src/stm32f7xx_hal_uart_ex.o
LOAD Drivers/STM32F7xx_HAL_Driver/Src/stm32f7xx_ll_fmc.o
START GROUP
LOAD c:/st/stm32cubeide_1.3.0/stm32cubeide/plugins/com.st.stm32cube.ide.mcu.externaltools.gnu-tools-for-stm32.7-2018-q2-update.win32_1.0.0.201904181610/tools/bin/../lib/gcc/arm-none-eabi/7.3.1/../../../../arm-none-eabi/lib/thumb/v7e-m/fpv5/hard\libc_nano.a
LOAD c:/st/stm32cubeide_1.3.0/stm32cubeide/plugins/com.st.stm32cube.ide.mcu.externaltools.gnu-tools-for-stm32.7-2018-q2-update.win32_1.0.0.201904181610/tools/bin/../lib/gcc/arm-none-eabi/7.3.1/../../../../arm-none-eabi/lib/thumb/v7e-m/fpv5/hard\libm.a
END GROUP
START GROUP
LOAD c:/st/stm32cubeide_1.3.0/stm32cubeide/plugins/com.st.stm32cube.ide.mcu.externaltools.gnu-tools-for-stm32.7-2018-q2-update.win32_1.0.0.201904181610/tools/bin/../lib/gcc/arm-none-eabi/7.3.1/thumb/v7e-m/fpv5/hard\libgcc.a
LOAD c:/st/stm32cubeide_1.3.0/stm32cubeide/plugins/com.st.stm32cube.ide.mcu.externaltools.gnu-tools-for-stm32.7-2018-q2-update.win32_1.0.0.201904181610/tools/bin/../lib/gcc/arm-none-eabi/7.3.1/../../../../arm-none-eabi/lib/thumb/v7e-m/fpv5/hard\libc_nano.a
END GROUP
START GROUP
LOAD c:/st/stm32cubeide_1.3.0/stm32cubeide/plugins/com.st.stm32cube.ide.mcu.externaltools.gnu-tools-for-stm32.7-2018-q2-update.win32_1.0.0.201904181610/tools/bin/../lib/gcc/arm-none-eabi/7.3.1/thumb/v7e-m/fpv5/hard\libgcc.a
LOAD c:/st/stm32cubeide_1.3.0/stm32cubeide/plugins/com.st.stm32cube.ide.mcu.externaltools.gnu-tools-for-stm32.7-2018-q2-update.win32_1.0.0.201904181610/tools/bin/../lib/gcc/arm-none-eabi/7.3.1/../../../../arm-none-eabi/lib/thumb/v7e-m/fpv5/hard\libc_nano.a
LOAD c:/st/stm32cubeide_1.3.0/stm32cubeide/plugins/com.st.stm32cube.ide.mcu.externaltools.gnu-tools-for-stm32.7-2018-q2-update.win32_1.0.0.201904181610/tools/bin/../lib/gcc/arm-none-eabi/7.3.1/../../../../arm-none-eabi/lib/thumb/v7e-m/fpv5/hard\libnosys.a
END GROUP
START GROUP
LOAD c:/st/stm32cubeide_1.3.0/stm32cubeide/plugins/com.st.stm32cube.ide.mcu.externaltools.gnu-tools-for-stm32.7-2018-q2-update.win32_1.0.0.201904181610/tools/bin/../lib/gcc/arm-none-eabi/7.3.1/thumb/v7e-m/fpv5/hard\libgcc.a
LOAD c:/st/stm32cubeide_1.3.0/stm32cubeide/plugins/com.st.stm32cube.ide.mcu.externaltools.gnu-tools-for-stm32.7-2018-q2-update.win32_1.0.0.201904181610/tools/bin/../lib/gcc/arm-none-eabi/7.3.1/../../../../arm-none-eabi/lib/thumb/v7e-m/fpv5/hard\libc_nano.a
LOAD c:/st/stm32cubeide_1.3.0/stm32cubeide/plugins/com.st.stm32cube.ide.mcu.externaltools.gnu-tools-for-stm32.7-2018-q2-update.win32_1.0.0.201904181610/tools/bin/../lib/gcc/arm-none-eabi/7.3.1/../../../../arm-none-eabi/lib/thumb/v7e-m/fpv5/hard\libnosys.a
END GROUP
LOAD c:/st/stm32cubeide_1.3.0/stm32cubeide/plugins/com.st.stm32cube.ide.mcu.externaltools.gnu-tools-for-stm32.7-2018-q2-update.win32_1.0.0.201904181610/tools/bin/../lib/gcc/arm-none-eabi/7.3.1/thumb/v7e-m/fpv5/hard/crtend.o
LOAD c:/st/stm32cubeide_1.3.0/stm32cubeide/plugins/com.st.stm32cube.ide.mcu.externaltools.gnu-tools-for-stm32.7-2018-q2-update.win32_1.0.0.201904181610/tools/bin/../lib/gcc/arm-none-eabi/7.3.1/thumb/v7e-m/fpv5/hard/crtn.o
                0x0000000020080000                _estack = (ORIGIN (RAM) + LENGTH (RAM))
                0x0000000000002000                _Min_Heap_Size = 0x2000
                0x0000000000004000                _Min_Stack_Size = 0x4000

.isr_vector     0x0000000008000000      0x1f8
                0x0000000008000000                . = ALIGN (0x4)
 *(.isr_vector)
 .isr_vector    0x0000000008000000      0x1f8 Core/Startup/startup_stm32f769nihx.o
                0x0000000008000000                g_pfnVectors
                0x00000000080001f8                . = ALIGN (0x4)

.text           0x0000000008000200     0x4a68
                0x0000000008000200                . = ALIGN (0x4)
 *(.text)
 .text          0x0000000008000200       0x40 c:/st/stm32cubeide_1.3.0/stm32cubeide/plugins/com.st.stm32cube.ide.mcu.externaltools.gnu-tools-for-stm32.7-2018-q2-update.win32_1.0.0.201904181610/tools/bin/../lib/gcc/arm-none-eabi/7.3.1/thumb/v7e-m/fpv5/hard/crtbegin.o
 .text          0x0000000008000240       0x10 c:/st/stm32cubeide_1.3.0/stm32cubeide/plugins/com.st.stm32cube.ide.mcu.externaltools.gnu-tools-for-stm32.7-2018-q2-update.win32_1.0.0.201904181610/tools/bin/../lib/gcc/arm-none-eabi/7.3.1/../../../../arm-none-eabi/lib/thumb/v7e-m/fpv5/hard\libc_nano.a(lib_a-strlen.o)
                0x0000000008000240                strlen
 .text          0x0000000008000250       0xa0 c:/st/stm32cubeide_1.3.0/stm32cubeide/plugins/com.st.stm32cube.ide.mcu.externaltools.gnu-tools-for-stm32.7-2018-q2-update.win32_1.0.0.201904181610/tools/bin/../lib/gcc/arm-none-eabi/7.3.1/../../../../arm-none-eabi/lib/thumb/v7e-m/fpv5/hard\libc_nano.a(lib_a-memchr.o)
                0x0000000008000250                memchr
 .text          0x00000000080002f0       0x30 c:/st/stm32cubeide_1.3.0/stm32cubeide/plugins/com.st.stm32cube.ide.mcu.externaltools.gnu-tools-for-stm32.7-2018-q2-update.win32_1.0.0.201904181610/tools/bin/../lib/gcc/arm-none-eabi/7.3.1/thumb/v7e-m/fpv5/hard\libgcc.a(_aeabi_uldivmod.o)
                0x00000000080002f0                __aeabi_uldivmod
 .text          0x0000000008000320      0x2cc c:/st/stm32cubeide_1.3.0/stm32cubeide/plugins/com.st.stm32cube.ide.mcu.externaltools.gnu-tools-for-stm32.7-2018-q2-update.win32_1.0.0.201904181610/tools/bin/../lib/gcc/arm-none-eabi/7.3.1/thumb/v7e-m/fpv5/hard\libgcc.a(_udivmoddi4.o)
                0x0000000008000320                __udivmoddi4
 .text          0x00000000080005ec        0x4 c:/st/stm32cubeide_1.3.0/stm32cubeide/plugins/com.st.stm32cube.ide.mcu.externaltools.gnu-tools-for-stm32.7-2018-q2-update.win32_1.0.0.201904181610/tools/bin/../lib/gcc/arm-none-eabi/7.3.1/thumb/v7e-m/fpv5/hard\libgcc.a(_dvmd_tls.o)
                0x00000000080005ec                __aeabi_idiv0
                0x00000000080005ec                __aeabi_ldiv0
 *(.text*)
 .text.MT48LC4M32B2_Init
                0x00000000080005f0       0xf0 Core/MT48LC4M32B2/MT48LC4M32B2.o
                0x00000000080005f0                MT48LC4M32B2_Init
 .text.MT48LC4M32B2_WriteBuffer
                0x00000000080006e0       0x44 Core/MT48LC4M32B2/MT48LC4M32B2.o
                0x00000000080006e0                MT48LC4M32B2_WriteBuffer
 .text.MT48LC4M32B2_ReadToBuffer
                0x0000000008000724       0x46 Core/MT48LC4M32B2/MT48LC4M32B2.o
                0x0000000008000724                MT48LC4M32B2_ReadToBuffer
 *fill*         0x000000000800076a        0x2 
 .text.ST7789_Init
                0x000000000800076c       0x7c Core/ST7789/st7789.o
                0x000000000800076c                ST7789_Init
 .text.ST7789_HardReset
                0x00000000080007e8       0x2c Core/ST7789/st7789.o
                0x00000000080007e8                ST7789_HardReset
 .text.ST7789_SoftReset
                0x0000000008000814       0x14 Core/ST7789/st7789.o
                0x0000000008000814                ST7789_SoftReset
 .text.ST7789_SendCmd
                0x0000000008000828       0x3c Core/ST7789/st7789.o
                0x0000000008000828                ST7789_SendCmd
 .text.ST7789_SendData
                0x0000000008000864       0x2c Core/ST7789/st7789.o
                0x0000000008000864                ST7789_SendData
 .text.ST7789_SleepModeExit
                0x0000000008000890       0x16 Core/ST7789/st7789.o
                0x0000000008000890                ST7789_SleepModeExit
 .text.ST7789_ColorModeSet
                0x00000000080008a6       0x26 Core/ST7789/st7789.o
                0x00000000080008a6                ST7789_ColorModeSet
 .text.ST7789_MemAccessModeSet
                0x00000000080008cc       0xbc Core/ST7789/st7789.o
                0x00000000080008cc                ST7789_MemAccessModeSet
 .text.ST7789_InversionMode
                0x0000000008000988       0x26 Core/ST7789/st7789.o
                0x0000000008000988                ST7789_InversionMode
 *fill*         0x00000000080009ae        0x2 
 .text.ST7789_FillScreen
                0x00000000080009b0       0x34 Core/ST7789/st7789.o
                0x00000000080009b0                ST7789_FillScreen
 .text.ST7789_FillRect
                0x00000000080009e4       0xe0 Core/ST7789/st7789.o
                0x00000000080009e4                ST7789_FillRect
 .text.ST7789_SetWindow
                0x0000000008000ac4       0x4c Core/ST7789/st7789.o
                0x0000000008000ac4                ST7789_SetWindow
 .text.ST7789_RamWrite
                0x0000000008000b10       0x3c Core/ST7789/st7789.o
                0x0000000008000b10                ST7789_RamWrite
 .text.ST7789_ColumnSet
                0x0000000008000b4c       0x6c Core/ST7789/st7789.o
                0x0000000008000b4c                ST7789_ColumnSet
 .text.ST7789_RowSet
                0x0000000008000bb8       0x6c Core/ST7789/st7789.o
                0x0000000008000bb8                ST7789_RowSet
 .text.ST7789_SetBL
                0x0000000008000c24       0x20 Core/ST7789/st7789.o
                0x0000000008000c24                ST7789_SetBL
 .text.ST7789_DisplayPower
                0x0000000008000c44       0x26 Core/ST7789/st7789.o
                0x0000000008000c44                ST7789_DisplayPower
 *fill*         0x0000000008000c6a        0x2 
 .text.MX_FMC_Init
                0x0000000008000c6c       0xa0 Core/Src/fmc.o
                0x0000000008000c6c                MX_FMC_Init
 .text.HAL_FMC_MspInit
                0x0000000008000d0c      0x100 Core/Src/fmc.o
 .text.HAL_SDRAM_MspInit
                0x0000000008000e0c       0x14 Core/Src/fmc.o
                0x0000000008000e0c                HAL_SDRAM_MspInit
 .text.MX_GPIO_Init
                0x0000000008000e20       0xf4 Core/Src/gpio.o
                0x0000000008000e20                MX_GPIO_Init
 .text.SCB_EnableICache
                0x0000000008000f14       0x40 Core/Src/main.o
 .text.SCB_EnableDCache
                0x0000000008000f54       0x80 Core/Src/main.o
 .text.Fill_Buffer
                0x0000000008000fd4       0x3c Core/Src/main.o
 .text.main     0x0000000008001010       0xf8 Core/Src/main.o
                0x0000000008001010                main
 .text.SystemClock_Config
                0x0000000008001108      0x124 Core/Src/main.o
                0x0000000008001108                SystemClock_Config
 .text.UART_Printf
                0x000000000800122c       0x58 Core/Src/main.o
                0x000000000800122c                UART_Printf
 .text.MPU_Config
                0x0000000008001284       0x5c Core/Src/main.o
 .text.Error_Handler
                0x00000000080012e0        0xe Core/Src/main.o
                0x00000000080012e0                Error_Handler
 *fill*         0x00000000080012ee        0x2 
 .text.MX_SPI5_Init
                0x00000000080012f0       0x7c Core/Src/spi.o
                0x00000000080012f0                MX_SPI5_Init
 .text.HAL_SPI_MspInit
                0x000000000800136c       0xc4 Core/Src/spi.o
                0x000000000800136c                HAL_SPI_MspInit
 .text.HAL_MspInit
                0x0000000008001430       0x48 Core/Src/stm32f7xx_hal_msp.o
                0x0000000008001430                HAL_MspInit
 .text.NMI_Handler
                0x0000000008001478        0xe Core/Src/stm32f7xx_it.o
                0x0000000008001478                NMI_Handler
 .text.HardFault_Handler
                0x0000000008001486        0x6 Core/Src/stm32f7xx_it.o
                0x0000000008001486                HardFault_Handler
 .text.MemManage_Handler
                0x000000000800148c        0x6 Core/Src/stm32f7xx_it.o
                0x000000000800148c                MemManage_Handler
 .text.BusFault_Handler
                0x0000000008001492        0x6 Core/Src/stm32f7xx_it.o
                0x0000000008001492                BusFault_Handler
 .text.UsageFault_Handler
                0x0000000008001498        0x6 Core/Src/stm32f7xx_it.o
                0x0000000008001498                UsageFault_Handler
 .text.SVC_Handler
                0x000000000800149e        0xe Core/Src/stm32f7xx_it.o
                0x000000000800149e                SVC_Handler
 .text.DebugMon_Handler
                0x00000000080014ac        0xe Core/Src/stm32f7xx_it.o
                0x00000000080014ac                DebugMon_Handler
 .text.PendSV_Handler
                0x00000000080014ba        0xe Core/Src/stm32f7xx_it.o
                0x00000000080014ba                PendSV_Handler
 .text.SysTick_Handler
                0x00000000080014c8        0xc Core/Src/stm32f7xx_it.o
                0x00000000080014c8                SysTick_Handler
 .text._sbrk    0x00000000080014d4       0x58 Core/Src/sysmem.o
                0x00000000080014d4                _sbrk
 .text.SystemInit
                0x000000000800152c       0x2c Core/Src/system_stm32f7xx.o
                0x000000000800152c                SystemInit
 .text.MX_USART1_UART_Init
                0x0000000008001558       0x60 Core/Src/usart.o
                0x0000000008001558                MX_USART1_UART_Init
 .text.MX_USART2_UART_Init
                0x00000000080015b8       0x60 Core/Src/usart.o
                0x00000000080015b8                MX_USART2_UART_Init
 .text.HAL_UART_MspInit
                0x0000000008001618       0xec Core/Src/usart.o
                0x0000000008001618                HAL_UART_MspInit
 .text.Reset_Handler
                0x0000000008001704       0x50 Core/Startup/startup_stm32f769nihx.o
                0x0000000008001704                Reset_Handler
 .text.Default_Handler
                0x0000000008001754        0x2 Core/Startup/startup_stm32f769nihx.o
                0x0000000008001754                RTC_Alarm_IRQHandler
                0x0000000008001754                EXTI2_IRQHandler
                0x0000000008001754                TIM8_CC_IRQHandler
                0x0000000008001754                UART8_IRQHandler
                0x0000000008001754                SPI4_IRQHandler
                0x0000000008001754                TIM1_CC_IRQHandler
                0x0000000008001754                DMA2_Stream5_IRQHandler
                0x0000000008001754                JPEG_IRQHandler
                0x0000000008001754                DMA1_Stream5_IRQHandler
                0x0000000008001754                CAN3_RX1_IRQHandler
                0x0000000008001754                PVD_IRQHandler
                0x0000000008001754                TAMP_STAMP_IRQHandler
                0x0000000008001754                CAN2_RX1_IRQHandler
                0x0000000008001754                EXTI3_IRQHandler
                0x0000000008001754                TIM8_TRG_COM_TIM14_IRQHandler
                0x0000000008001754                DFSDM1_FLT1_IRQHandler
                0x0000000008001754                TIM1_UP_TIM10_IRQHandler
                0x0000000008001754                TIM8_UP_TIM13_IRQHandler
                0x0000000008001754                I2C3_ER_IRQHandler
                0x0000000008001754                DFSDM1_FLT2_IRQHandler
                0x0000000008001754                EXTI0_IRQHandler
                0x0000000008001754                I2C2_EV_IRQHandler
                0x0000000008001754                DMA1_Stream2_IRQHandler
                0x0000000008001754                CAN1_RX0_IRQHandler
                0x0000000008001754                FPU_IRQHandler
                0x0000000008001754                OTG_HS_WKUP_IRQHandler
                0x0000000008001754                CAN3_SCE_IRQHandler
                0x0000000008001754                LTDC_ER_IRQHandler
                0x0000000008001754                CAN2_SCE_IRQHandler
                0x0000000008001754                DMA2_Stream2_IRQHandler
                0x0000000008001754                SPI1_IRQHandler
                0x0000000008001754                TIM6_DAC_IRQHandler
                0x0000000008001754                TIM1_BRK_TIM9_IRQHandler
                0x0000000008001754                DCMI_IRQHandler
                0x0000000008001754                CAN2_RX0_IRQHandler
                0x0000000008001754                DMA2_Stream3_IRQHandler
                0x0000000008001754                SAI2_IRQHandler
                0x0000000008001754                DFSDM1_FLT3_IRQHandler
                0x0000000008001754                USART6_IRQHandler
                0x0000000008001754                CAN3_RX0_IRQHandler
                0x0000000008001754                USART3_IRQHandler
                0x0000000008001754                CAN1_RX1_IRQHandler
                0x0000000008001754                UART5_IRQHandler
                0x0000000008001754                DMA2_Stream0_IRQHandler
                0x0000000008001754                TIM4_IRQHandler
                0x0000000008001754                QUADSPI_IRQHandler
                0x0000000008001754                I2C1_EV_IRQHandler
                0x0000000008001754                DMA1_Stream6_IRQHandler
                0x0000000008001754                DMA1_Stream1_IRQHandler
                0x0000000008001754                UART4_IRQHandler
                0x0000000008001754                TIM3_IRQHandler
                0x0000000008001754                RCC_IRQHandler
                0x0000000008001754                TIM8_BRK_TIM12_IRQHandler
                0x0000000008001754                Default_Handler
                0x0000000008001754                CEC_IRQHandler
                0x0000000008001754                EXTI15_10_IRQHandler
                0x0000000008001754                ADC_IRQHandler
                0x0000000008001754                DMA1_Stream7_IRQHandler
                0x0000000008001754                SPI5_IRQHandler
                0x0000000008001754                TIM7_IRQHandler
                0x0000000008001754                SDMMC1_IRQHandler
                0x0000000008001754                CAN2_TX_IRQHandler
                0x0000000008001754                TIM5_IRQHandler
                0x0000000008001754                DMA2_Stream7_IRQHandler
                0x0000000008001754                I2C3_EV_IRQHandler
                0x0000000008001754                EXTI9_5_IRQHandler
                0x0000000008001754                RTC_WKUP_IRQHandler
                0x0000000008001754                LTDC_IRQHandler
                0x0000000008001754                ETH_WKUP_IRQHandler
                0x0000000008001754                SPDIF_RX_IRQHandler
                0x0000000008001754                SPI2_IRQHandler
                0x0000000008001754                OTG_HS_EP1_IN_IRQHandler
                0x0000000008001754                DMA1_Stream0_IRQHandler
                0x0000000008001754                CAN1_TX_IRQHandler
                0x0000000008001754                EXTI4_IRQHandler
                0x0000000008001754                RNG_IRQHandler
                0x0000000008001754                DSI_IRQHandler
                0x0000000008001754                ETH_IRQHandler
                0x0000000008001754                OTG_HS_EP1_OUT_IRQHandler
                0x0000000008001754                WWDG_IRQHandler
                0x0000000008001754                SPI6_IRQHandler
                0x0000000008001754                MDIOS_IRQHandler
                0x0000000008001754                I2C4_EV_IRQHandler
                0x0000000008001754                CAN3_TX_IRQHandler
                0x0000000008001754                TIM2_IRQHandler
                0x0000000008001754                OTG_FS_WKUP_IRQHandler
                0x0000000008001754                TIM1_TRG_COM_TIM11_IRQHandler
                0x0000000008001754                OTG_HS_IRQHandler
                0x0000000008001754                DMA2D_IRQHandler
                0x0000000008001754                EXTI1_IRQHandler
                0x0000000008001754                SDMMC2_IRQHandler
                0x0000000008001754                UART7_IRQHandler
                0x0000000008001754                USART2_IRQHandler
                0x0000000008001754                DFSDM1_FLT0_IRQHandler
                0x0000000008001754                I2C2_ER_IRQHandler
                0x0000000008001754                DMA2_Stream1_IRQHandler
                0x0000000008001754                CAN1_SCE_IRQHandler
                0x0000000008001754                FLASH_IRQHandler
                0x0000000008001754                DMA2_Stream4_IRQHandler
                0x0000000008001754                USART1_IRQHandler
                0x0000000008001754                OTG_FS_IRQHandler
                0x0000000008001754                SPI3_IRQHandler
                0x0000000008001754                DMA1_Stream4_IRQHandler
                0x0000000008001754                I2C1_ER_IRQHandler
                0x0000000008001754                FMC_IRQHandler
                0x0000000008001754                LPTIM1_IRQHandler
                0x0000000008001754                I2C4_ER_IRQHandler
                0x0000000008001754                DMA2_Stream6_IRQHandler
                0x0000000008001754                SAI1_IRQHandler
                0x0000000008001754                DMA1_Stream3_IRQHandler
 .text.HAL_Init
                0x0000000008001756       0x1a Drivers/STM32F7xx_HAL_Driver/Src/stm32f7xx_hal.o
                0x0000000008001756                HAL_Init
 .text.HAL_InitTick
                0x0000000008001770       0x60 Drivers/STM32F7xx_HAL_Driver/Src/stm32f7xx_hal.o
                0x0000000008001770                HAL_InitTick
 .text.HAL_IncTick
                0x00000000080017d0       0x28 Drivers/STM32F7xx_HAL_Driver/Src/stm32f7xx_hal.o
                0x00000000080017d0                HAL_IncTick
 .text.HAL_GetTick
                0x00000000080017f8       0x18 Drivers/STM32F7xx_HAL_Driver/Src/stm32f7xx_hal.o
                0x00000000080017f8                HAL_GetTick
 .text.HAL_Delay
                0x0000000008001810       0x44 Drivers/STM32F7xx_HAL_Driver/Src/stm32f7xx_hal.o
                0x0000000008001810                HAL_Delay
 .text.__NVIC_SetPriorityGrouping
                0x0000000008001854       0x48 Drivers/STM32F7xx_HAL_Driver/Src/stm32f7xx_hal_cortex.o
 .text.__NVIC_GetPriorityGrouping
                0x000000000800189c       0x1c Drivers/STM32F7xx_HAL_Driver/Src/stm32f7xx_hal_cortex.o
 .text.__NVIC_SetPriority
                0x00000000080018b8       0x54 Drivers/STM32F7xx_HAL_Driver/Src/stm32f7xx_hal_cortex.o
 .text.NVIC_EncodePriority
                0x000000000800190c       0x66 Drivers/STM32F7xx_HAL_Driver/Src/stm32f7xx_hal_cortex.o
 *fill*         0x0000000008001972        0x2 
 .text.SysTick_Config
                0x0000000008001974       0x44 Drivers/STM32F7xx_HAL_Driver/Src/stm32f7xx_hal_cortex.o
 .text.HAL_NVIC_SetPriorityGrouping
                0x00000000080019b8       0x16 Drivers/STM32F7xx_HAL_Driver/Src/stm32f7xx_hal_cortex.o
                0x00000000080019b8                HAL_NVIC_SetPriorityGrouping
 .text.HAL_NVIC_SetPriority
                0x00000000080019ce       0x38 Drivers/STM32F7xx_HAL_Driver/Src/stm32f7xx_hal_cortex.o
                0x00000000080019ce                HAL_NVIC_SetPriority
 .text.HAL_SYSTICK_Config
                0x0000000008001a06       0x18 Drivers/STM32F7xx_HAL_Driver/Src/stm32f7xx_hal_cortex.o
                0x0000000008001a06                HAL_SYSTICK_Config
 *fill*         0x0000000008001a1e        0x2 
 .text.HAL_MPU_Disable
                0x0000000008001a20       0x2c Drivers/STM32F7xx_HAL_Driver/Src/stm32f7xx_hal_cortex.o
                0x0000000008001a20                HAL_MPU_Disable
 .text.HAL_MPU_Enable
                0x0000000008001a4c       0x3c Drivers/STM32F7xx_HAL_Driver/Src/stm32f7xx_hal_cortex.o
                0x0000000008001a4c                HAL_MPU_Enable
 .text.HAL_MPU_ConfigRegion
                0x0000000008001a88       0x88 Drivers/STM32F7xx_HAL_Driver/Src/stm32f7xx_hal_cortex.o
                0x0000000008001a88                HAL_MPU_ConfigRegion
 .text.HAL_GPIO_Init
                0x0000000008001b10      0x354 Drivers/STM32F7xx_HAL_Driver/Src/stm32f7xx_hal_gpio.o
                0x0000000008001b10                HAL_GPIO_Init
 .text.HAL_GPIO_WritePin
                0x0000000008001e64       0x32 Drivers/STM32F7xx_HAL_Driver/Src/stm32f7xx_hal_gpio.o
                0x0000000008001e64                HAL_GPIO_WritePin
 *fill*         0x0000000008001e96        0x2 
 .text.HAL_PWREx_EnableOverDrive
                0x0000000008001e98       0xa0 Drivers/STM32F7xx_HAL_Driver/Src/stm32f7xx_hal_pwr_ex.o
                0x0000000008001e98                HAL_PWREx_EnableOverDrive
 .text.HAL_RCC_OscConfig
                0x0000000008001f38      0x55c Drivers/STM32F7xx_HAL_Driver/Src/stm32f7xx_hal_rcc.o
                0x0000000008001f38                HAL_RCC_OscConfig
 .text.HAL_RCC_ClockConfig
                0x0000000008002494      0x1d8 Drivers/STM32F7xx_HAL_Driver/Src/stm32f7xx_hal_rcc.o
                0x0000000008002494                HAL_RCC_ClockConfig
 .text.HAL_RCC_GetSysClockFreq
                0x000000000800266c      0x164 Drivers/STM32F7xx_HAL_Driver/Src/stm32f7xx_hal_rcc.o
                0x000000000800266c                HAL_RCC_GetSysClockFreq
 .text.HAL_RCC_GetHCLKFreq
                0x00000000080027d0       0x18 Drivers/STM32F7xx_HAL_Driver/Src/stm32f7xx_hal_rcc.o
                0x00000000080027d0                HAL_RCC_GetHCLKFreq
 .text.HAL_RCC_GetPCLK1Freq
                0x00000000080027e8       0x28 Drivers/STM32F7xx_HAL_Driver/Src/stm32f7xx_hal_rcc.o
                0x00000000080027e8                HAL_RCC_GetPCLK1Freq
 .text.HAL_RCC_GetPCLK2Freq
                0x0000000008002810       0x28 Drivers/STM32F7xx_HAL_Driver/Src/stm32f7xx_hal_rcc.o
                0x0000000008002810                HAL_RCC_GetPCLK2Freq
 .text.HAL_RCCEx_PeriphCLKConfig
                0x0000000008002838      0x84c Drivers/STM32F7xx_HAL_Driver/Src/stm32f7xx_hal_rcc_ex.o
                0x0000000008002838                HAL_RCCEx_PeriphCLKConfig
 .text.HAL_SDRAM_Init
                0x0000000008003084       0x68 Drivers/STM32F7xx_HAL_Driver/Src/stm32f7xx_hal_sdram.o
                0x0000000008003084                HAL_SDRAM_Init
 .text.HAL_SDRAM_SendCommand
                0x00000000080030ec       0x56 Drivers/STM32F7xx_HAL_Driver/Src/stm32f7xx_hal_sdram.o
                0x00000000080030ec                HAL_SDRAM_SendCommand
 .text.HAL_SPI_Init
                0x0000000008003142      0x124 Drivers/STM32F7xx_HAL_Driver/Src/stm32f7xx_hal_spi.o
                0x0000000008003142                HAL_SPI_Init
 .text.HAL_SPI_Transmit
                0x0000000008003266      0x2cc Drivers/STM32F7xx_HAL_Driver/Src/stm32f7xx_hal_spi.o
                0x0000000008003266                HAL_SPI_Transmit
 .text.SPI_WaitFlagStateUntilTimeout
                0x0000000008003532       0xd4 Drivers/STM32F7xx_HAL_Driver/Src/stm32f7xx_hal_spi.o
 .text.SPI_WaitFifoStateUntilTimeout
                0x0000000008003606       0xda Drivers/STM32F7xx_HAL_Driver/Src/stm32f7xx_hal_spi.o
 .text.SPI_EndRxTxTransaction
                0x00000000080036e0       0x8c Drivers/STM32F7xx_HAL_Driver/Src/stm32f7xx_hal_spi.o
 .text.HAL_UART_Init
                0x000000000800376c       0x9c Drivers/STM32F7xx_HAL_Driver/Src/stm32f7xx_hal_uart.o
                0x000000000800376c                HAL_UART_Init
 .text.HAL_UART_Transmit
                0x0000000008003808      0x122 Drivers/STM32F7xx_HAL_Driver/Src/stm32f7xx_hal_uart.o
                0x0000000008003808                HAL_UART_Transmit
 *fill*         0x000000000800392a        0x2 
 .text.UART_SetConfig
                0x000000000800392c      0x554 Drivers/STM32F7xx_HAL_Driver/Src/stm32f7xx_hal_uart.o
                0x000000000800392c                UART_SetConfig
 .text.UART_AdvFeatureConfig
                0x0000000008003e80      0x144 Drivers/STM32F7xx_HAL_Driver/Src/stm32f7xx_hal_uart.o
                0x0000000008003e80                UART_AdvFeatureConfig
 .text.UART_CheckIdleState
                0x0000000008003fc4       0x8a Drivers/STM32F7xx_HAL_Driver/Src/stm32f7xx_hal_uart.o
                0x0000000008003fc4                UART_CheckIdleState
 .text.UART_WaitOnFlagUntilTimeout
                0x000000000800404e       0xf6 Drivers/STM32F7xx_HAL_Driver/Src/stm32f7xx_hal_uart.o
                0x000000000800404e                UART_WaitOnFlagUntilTimeout
 .text.FMC_SDRAM_Init
                0x0000000008004144       0xe4 Drivers/STM32F7xx_HAL_Driver/Src/stm32f7xx_ll_fmc.o
                0x0000000008004144                FMC_SDRAM_Init
 .text.FMC_SDRAM_Timing_Init
                0x0000000008004228      0x100 Drivers/STM32F7xx_HAL_Driver/Src/stm32f7xx_ll_fmc.o
                0x0000000008004228                FMC_SDRAM_Timing_Init
 .text.FMC_SDRAM_SendCommand
                0x0000000008004328       0x42 Drivers/STM32F7xx_HAL_Driver/Src/stm32f7xx_ll_fmc.o
                0x0000000008004328                FMC_SDRAM_SendCommand
 *fill*         0x000000000800436a        0x2 
 .text.__errno  0x000000000800436c        0xc c:/st/stm32cubeide_1.3.0/stm32cubeide/plugins/com.st.stm32cube.ide.mcu.externaltools.gnu-tools-for-stm32.7-2018-q2-update.win32_1.0.0.201904181610/tools/bin/../lib/gcc/arm-none-eabi/7.3.1/../../../../arm-none-eabi/lib/thumb/v7e-m/fpv5/hard\libc_nano.a(lib_a-errno.o)
                0x000000000800436c                __errno
 .text.__libc_init_array
                0x0000000008004378       0x48 c:/st/stm32cubeide_1.3.0/stm32cubeide/plugins/com.st.stm32cube.ide.mcu.externaltools.gnu-tools-for-stm32.7-2018-q2-update.win32_1.0.0.201904181610/tools/bin/../lib/gcc/arm-none-eabi/7.3.1/../../../../arm-none-eabi/lib/thumb/v7e-m/fpv5/hard\libc_nano.a(lib_a-init.o)
                0x0000000008004378                __libc_init_array
 .text.memset   0x00000000080043c0       0x10 c:/st/stm32cubeide_1.3.0/stm32cubeide/plugins/com.st.stm32cube.ide.mcu.externaltools.gnu-tools-for-stm32.7-2018-q2-update.win32_1.0.0.201904181610/tools/bin/../lib/gcc/arm-none-eabi/7.3.1/../../../../arm-none-eabi/lib/thumb/v7e-m/fpv5/hard\libc_nano.a(lib_a-memset.o)
                0x00000000080043c0                memset
 .text.sprintf  0x00000000080043d0       0x40 c:/st/stm32cubeide_1.3.0/stm32cubeide/plugins/com.st.stm32cube.ide.mcu.externaltools.gnu-tools-for-stm32.7-2018-q2-update.win32_1.0.0.201904181610/tools/bin/../lib/gcc/arm-none-eabi/7.3.1/../../../../arm-none-eabi/lib/thumb/v7e-m/fpv5/hard\libc_nano.a(lib_a-sprintf.o)
                0x00000000080043d0                siprintf
                0x00000000080043d0                sprintf
 .text._vsnprintf_r
                0x0000000008004410       0x58 c:/st/stm32cubeide_1.3.0/stm32cubeide/plugins/com.st.stm32cube.ide.mcu.externaltools.gnu-tools-for-stm32.7-2018-q2-update.win32_1.0.0.201904181610/tools/bin/../lib/gcc/arm-none-eabi/7.3.1/../../../../arm-none-eabi/lib/thumb/v7e-m/fpv5/hard\libc_nano.a(lib_a-vsnprintf.o)
                0x0000000008004410                _vsniprintf_r
                0x0000000008004410                _vsnprintf_r
 .text.vsnprintf
                0x0000000008004468       0x1c c:/st/stm32cubeide_1.3.0/stm32cubeide/plugins/com.st.stm32cube.ide.mcu.externaltools.gnu-tools-for-stm32.7-2018-q2-update.win32_1.0.0.201904181610/tools/bin/../lib/gcc/arm-none-eabi/7.3.1/../../../../arm-none-eabi/lib/thumb/v7e-m/fpv5/hard\libc_nano.a(lib_a-vsnprintf.o)
                0x0000000008004468                vsniprintf
                0x0000000008004468                vsnprintf
 .text.__ssputs_r
                0x0000000008004484       0xb4 c:/st/stm32cubeide_1.3.0/stm32cubeide/plugins/com.st.stm32cube.ide.mcu.externaltools.gnu-tools-for-stm32.7-2018-q2-update.win32_1.0.0.201904181610/tools/bin/../lib/gcc/arm-none-eabi/7.3.1/../../../../arm-none-eabi/lib/thumb/v7e-m/fpv5/hard\libc_nano.a(lib_a-nano-svfprintf.o)
                0x0000000008004484                __ssputs_r
 .text._svfprintf_r
                0x0000000008004538      0x1f0 c:/st/stm32cubeide_1.3.0/stm32cubeide/plugins/com.st.stm32cube.ide.mcu.externaltools.gnu-tools-for-stm32.7-2018-q2-update.win32_1.0.0.201904181610/tools/bin/../lib/gcc/arm-none-eabi/7.3.1/../../../../arm-none-eabi/lib/thumb/v7e-m/fpv5/hard\libc_nano.a(lib_a-nano-svfprintf.o)
                0x0000000008004538                _svfiprintf_r
                0x0000000008004538                _svfprintf_r
 .text._printf_common
                0x0000000008004728       0xea c:/st/stm32cubeide_1.3.0/stm32cubeide/plugins/com.st.stm32cube.ide.mcu.externaltools.gnu-tools-for-stm32.7-2018-q2-update.win32_1.0.0.201904181610/tools/bin/../lib/gcc/arm-none-eabi/7.3.1/../../../../arm-none-eabi/lib/thumb/v7e-m/fpv5/hard\libc_nano.a(lib_a-nano-vfprintf_i.o)
                0x0000000008004728                _printf_common
 *fill*         0x0000000008004812        0x2 
 .text._printf_i
                0x0000000008004814      0x224 c:/st/stm32cubeide_1.3.0/stm32cubeide/plugins/com.st.stm32cube.ide.mcu.externaltools.gnu-tools-for-stm32.7-2018-q2-update.win32_1.0.0.201904181610/tools/bin/../lib/gcc/arm-none-eabi/7.3.1/../../../../arm-none-eabi/lib/thumb/v7e-m/fpv5/hard\libc_nano.a(lib_a-nano-vfprintf_i.o)
                0x0000000008004814                _printf_i
 .text.memcpy   0x0000000008004a38       0x16 c:/st/stm32cubeide_1.3.0/stm32cubeide/plugins/com.st.stm32cube.ide.mcu.externaltools.gnu-tools-for-stm32.7-2018-q2-update.win32_1.0.0.201904181610/tools/bin/../lib/gcc/arm-none-eabi/7.3.1/../../../../arm-none-eabi/lib/thumb/v7e-m/fpv5/hard\libc_nano.a(lib_a-memcpy-stub.o)
                0x0000000008004a38                memcpy
 .text.memmove  0x0000000008004a4e       0x32 c:/st/stm32cubeide_1.3.0/stm32cubeide/plugins/com.st.stm32cube.ide.mcu.externaltools.gnu-tools-for-stm32.7-2018-q2-update.win32_1.0.0.201904181610/tools/bin/../lib/gcc/arm-none-eabi/7.3.1/../../../../arm-none-eabi/lib/thumb/v7e-m/fpv5/hard\libc_nano.a(lib_a-memmove.o)
                0x0000000008004a4e                memmove
 .text._free_r  0x0000000008004a80       0x9c c:/st/stm32cubeide_1.3.0/stm32cubeide/plugins/com.st.stm32cube.ide.mcu.externaltools.gnu-tools-for-stm32.7-2018-q2-update.win32_1.0.0.201904181610/tools/bin/../lib/gcc/arm-none-eabi/7.3.1/../../../../arm-none-eabi/lib/thumb/v7e-m/fpv5/hard\libc_nano.a(lib_a-nano-freer.o)
                0x0000000008004a80                _free_r
 .text._malloc_r
                0x0000000008004b1c       0xb4 c:/st/stm32cubeide_1.3.0/stm32cubeide/plugins/com.st.stm32cube.ide.mcu.externaltools.gnu-tools-for-stm32.7-2018-q2-update.win32_1.0.0.201904181610/tools/bin/../lib/gcc/arm-none-eabi/7.3.1/../../../../arm-none-eabi/lib/thumb/v7e-m/fpv5/hard\libc_nano.a(lib_a-nano-mallocr.o)
                0x0000000008004b1c                _malloc_r
 .text._realloc_r
                0x0000000008004bd0       0x4c c:/st/stm32cubeide_1.3.0/stm32cubeide/plugins/com.st.stm32cube.ide.mcu.externaltools.gnu-tools-for-stm32.7-2018-q2-update.win32_1.0.0.201904181610/tools/bin/../lib/gcc/arm-none-eabi/7.3.1/../../../../arm-none-eabi/lib/thumb/v7e-m/fpv5/hard\libc_nano.a(lib_a-nano-reallocr.o)
                0x0000000008004bd0                _realloc_r
 .text._sbrk_r  0x0000000008004c1c       0x20 c:/st/stm32cubeide_1.3.0/stm32cubeide/plugins/com.st.stm32cube.ide.mcu.externaltools.gnu-tools-for-stm32.7-2018-q2-update.win32_1.0.0.201904181610/tools/bin/../lib/gcc/arm-none-eabi/7.3.1/../../../../arm-none-eabi/lib/thumb/v7e-m/fpv5/hard\libc_nano.a(lib_a-sbrkr.o)
                0x0000000008004c1c                _sbrk_r
 .text.__malloc_lock
                0x0000000008004c3c        0x2 c:/st/stm32cubeide_1.3.0/stm32cubeide/plugins/com.st.stm32cube.ide.mcu.externaltools.gnu-tools-for-stm32.7-2018-q2-update.win32_1.0.0.201904181610/tools/bin/../lib/gcc/arm-none-eabi/7.3.1/../../../../arm-none-eabi/lib/thumb/v7e-m/fpv5/hard\libc_nano.a(lib_a-mlock.o)
                0x0000000008004c3c                __malloc_lock
 .text.__malloc_unlock
                0x0000000008004c3e        0x2 c:/st/stm32cubeide_1.3.0/stm32cubeide/plugins/com.st.stm32cube.ide.mcu.externaltools.gnu-tools-for-stm32.7-2018-q2-update.win32_1.0.0.201904181610/tools/bin/../lib/gcc/arm-none-eabi/7.3.1/../../../../arm-none-eabi/lib/thumb/v7e-m/fpv5/hard\libc_nano.a(lib_a-mlock.o)
                0x0000000008004c3e                __malloc_unlock
 .text._malloc_usable_size_r
                0x0000000008004c40       0x10 c:/st/stm32cubeide_1.3.0/stm32cubeide/plugins/com.st.stm32cube.ide.mcu.externaltools.gnu-tools-for-stm32.7-2018-q2-update.win32_1.0.0.201904181610/tools/bin/../lib/gcc/arm-none-eabi/7.3.1/../../../../arm-none-eabi/lib/thumb/v7e-m/fpv5/hard\libc_nano.a(lib_a-nano-msizer.o)
                0x0000000008004c40                _malloc_usable_size_r
 *(.glue_7)
 .glue_7        0x0000000008004c50        0x0 linker stubs
 *(.glue_7t)
 .glue_7t       0x0000000008004c50        0x0 linker stubs
 *(.eh_frame)
 .eh_frame      0x0000000008004c50        0x0 c:/st/stm32cubeide_1.3.0/stm32cubeide/plugins/com.st.stm32cube.ide.mcu.externaltools.gnu-tools-for-stm32.7-2018-q2-update.win32_1.0.0.201904181610/tools/bin/../lib/gcc/arm-none-eabi/7.3.1/thumb/v7e-m/fpv5/hard/crtbegin.o
 *(.init)
 .init          0x0000000008004c50        0x4 c:/st/stm32cubeide_1.3.0/stm32cubeide/plugins/com.st.stm32cube.ide.mcu.externaltools.gnu-tools-for-stm32.7-2018-q2-update.win32_1.0.0.201904181610/tools/bin/../lib/gcc/arm-none-eabi/7.3.1/thumb/v7e-m/fpv5/hard/crti.o
                0x0000000008004c50                _init
 .init          0x0000000008004c54        0x8 c:/st/stm32cubeide_1.3.0/stm32cubeide/plugins/com.st.stm32cube.ide.mcu.externaltools.gnu-tools-for-stm32.7-2018-q2-update.win32_1.0.0.201904181610/tools/bin/../lib/gcc/arm-none-eabi/7.3.1/thumb/v7e-m/fpv5/hard/crtn.o
 *(.fini)
 .fini          0x0000000008004c5c        0x4 c:/st/stm32cubeide_1.3.0/stm32cubeide/plugins/com.st.stm32cube.ide.mcu.externaltools.gnu-tools-for-stm32.7-2018-q2-update.win32_1.0.0.201904181610/tools/bin/../lib/gcc/arm-none-eabi/7.3.1/thumb/v7e-m/fpv5/hard/crti.o
                0x0000000008004c5c                _fini
 .fini          0x0000000008004c60        0x8 c:/st/stm32cubeide_1.3.0/stm32cubeide/plugins/com.st.stm32cube.ide.mcu.externaltools.gnu-tools-for-stm32.7-2018-q2-update.win32_1.0.0.201904181610/tools/bin/../lib/gcc/arm-none-eabi/7.3.1/thumb/v7e-m/fpv5/hard/crtn.o
                0x0000000008004c68                . = ALIGN (0x4)
                0x0000000008004c68                _etext = .

.vfp11_veneer   0x0000000008004c68        0x0
 .vfp11_veneer  0x0000000008004c68        0x0 linker stubs

.v4_bx          0x0000000008004c68        0x0
 .v4_bx         0x0000000008004c68        0x0 linker stubs

.iplt           0x0000000008004c68        0x0
 .iplt          0x0000000008004c68        0x0 c:/st/stm32cubeide_1.3.0/stm32cubeide/plugins/com.st.stm32cube.ide.mcu.externaltools.gnu-tools-for-stm32.7-2018-q2-update.win32_1.0.0.201904181610/tools/bin/../lib/gcc/arm-none-eabi/7.3.1/thumb/v7e-m/fpv5/hard/crtbegin.o

.rodata         0x0000000008004c68       0x74
                0x0000000008004c68                . = ALIGN (0x4)
 *(.rodata)
 .rodata        0x0000000008004c68       0x27 Core/Src/main.o
 *(.rodata*)
 *fill*         0x0000000008004c8f        0x1 
 .rodata.AHBPrescTable
                0x0000000008004c90       0x10 Core/Src/system_stm32f7xx.o
                0x0000000008004c90                AHBPrescTable
 .rodata.APBPrescTable
                0x0000000008004ca0        0x8 Core/Src/system_stm32f7xx.o
                0x0000000008004ca0                APBPrescTable
 .rodata._svfprintf_r.str1.1
                0x0000000008004ca8       0x11 c:/st/stm32cubeide_1.3.0/stm32cubeide/plugins/com.st.stm32cube.ide.mcu.externaltools.gnu-tools-for-stm32.7-2018-q2-update.win32_1.0.0.201904181610/tools/bin/../lib/gcc/arm-none-eabi/7.3.1/../../../../arm-none-eabi/lib/thumb/v7e-m/fpv5/hard\libc_nano.a(lib_a-nano-svfprintf.o)
 .rodata._printf_i.str1.1
                0x0000000008004cb9       0x22 c:/st/stm32cubeide_1.3.0/stm32cubeide/plugins/com.st.stm32cube.ide.mcu.externaltools.gnu-tools-for-stm32.7-2018-q2-update.win32_1.0.0.201904181610/tools/bin/../lib/gcc/arm-none-eabi/7.3.1/../../../../arm-none-eabi/lib/thumb/v7e-m/fpv5/hard\libc_nano.a(lib_a-nano-vfprintf_i.o)
                0x0000000008004cdc                . = ALIGN (0x4)
 *fill*         0x0000000008004cdb        0x1 

.ARM.extab      0x0000000008004cdc        0x0
                0x0000000008004cdc                . = ALIGN (0x4)
 *(.ARM.extab* .gnu.linkonce.armextab.*)
                0x0000000008004cdc                . = ALIGN (0x4)

.ARM            0x0000000008004cdc        0x8
                0x0000000008004cdc                . = ALIGN (0x4)
                0x0000000008004cdc                __exidx_start = .
 *(.ARM.exidx*)
 .ARM.exidx     0x0000000008004cdc        0x8 c:/st/stm32cubeide_1.3.0/stm32cubeide/plugins/com.st.stm32cube.ide.mcu.externaltools.gnu-tools-for-stm32.7-2018-q2-update.win32_1.0.0.201904181610/tools/bin/../lib/gcc/arm-none-eabi/7.3.1/thumb/v7e-m/fpv5/hard\libgcc.a(_udivmoddi4.o)
                0x0000000008004ce4                __exidx_end = .
                0x0000000008004ce4                . = ALIGN (0x4)

.rel.dyn        0x0000000008004ce4        0x0
 .rel.iplt      0x0000000008004ce4        0x0 c:/st/stm32cubeide_1.3.0/stm32cubeide/plugins/com.st.stm32cube.ide.mcu.externaltools.gnu-tools-for-stm32.7-2018-q2-update.win32_1.0.0.201904181610/tools/bin/../lib/gcc/arm-none-eabi/7.3.1/thumb/v7e-m/fpv5/hard/crtbegin.o

.preinit_array  0x0000000008004ce4        0x0
                0x0000000008004ce4                . = ALIGN (0x4)
                0x0000000008004ce4                PROVIDE (__preinit_array_start = .)
 *(.preinit_array*)
                0x0000000008004ce4                PROVIDE (__preinit_array_end = .)
                0x0000000008004ce4                . = ALIGN (0x4)

.init_array     0x0000000008004ce4        0x4
                0x0000000008004ce4                . = ALIGN (0x4)
                0x0000000008004ce4                PROVIDE (__init_array_start = .)
 *(SORT_BY_NAME(.init_array.*))
 *(.init_array*)
 .init_array    0x0000000008004ce4        0x4 c:/st/stm32cubeide_1.3.0/stm32cubeide/plugins/com.st.stm32cube.ide.mcu.externaltools.gnu-tools-for-stm32.7-2018-q2-update.win32_1.0.0.201904181610/tools/bin/../lib/gcc/arm-none-eabi/7.3.1/thumb/v7e-m/fpv5/hard/crtbegin.o
                0x0000000008004ce8                PROVIDE (__init_array_end = .)
                0x0000000008004ce8                . = ALIGN (0x4)

.fini_array     0x0000000008004ce8        0x4
                0x0000000008004ce8                . = ALIGN (0x4)
                [!provide]                        PROVIDE (__fini_array_start = .)
 *(SORT_BY_NAME(.fini_array.*))
 *(.fini_array*)
 .fini_array    0x0000000008004ce8        0x4 c:/st/stm32cubeide_1.3.0/stm32cubeide/plugins/com.st.stm32cube.ide.mcu.externaltools.gnu-tools-for-stm32.7-2018-q2-update.win32_1.0.0.201904181610/tools/bin/../lib/gcc/arm-none-eabi/7.3.1/thumb/v7e-m/fpv5/hard/crtbegin.o
                [!provide]                        PROVIDE (__fini_array_end = .)
                0x0000000008004cec                . = ALIGN (0x4)
                0x0000000008004cec                _sidata = LOADADDR (.data)

.data           0x0000000020000000       0x70 load address 0x0000000008004cec
                0x0000000020000000                . = ALIGN (0x4)
                0x0000000020000000                _sdata = .
 *(.data)
 *(.data*)
 .data.SystemCoreClock
                0x0000000020000000        0x4 Core/Src/system_stm32f7xx.o
                0x0000000020000000                SystemCoreClock
 .data.uwTickPrio
                0x0000000020000004        0x4 Drivers/STM32F7xx_HAL_Driver/Src/stm32f7xx_hal.o
                0x0000000020000004                uwTickPrio
 .data.uwTickFreq
                0x0000000020000008        0x1 Drivers/STM32F7xx_HAL_Driver/Src/stm32f7xx_hal.o
                0x0000000020000008                uwTickFreq
 *fill*         0x0000000020000009        0x3 
 .data._impure_ptr
                0x000000002000000c        0x4 c:/st/stm32cubeide_1.3.0/stm32cubeide/plugins/com.st.stm32cube.ide.mcu.externaltools.gnu-tools-for-stm32.7-2018-q2-update.win32_1.0.0.201904181610/tools/bin/../lib/gcc/arm-none-eabi/7.3.1/../../../../arm-none-eabi/lib/thumb/v7e-m/fpv5/hard\libc_nano.a(lib_a-impure.o)
                0x000000002000000c                _impure_ptr
 .data.impure_data
                0x0000000020000010       0x60 c:/st/stm32cubeide_1.3.0/stm32cubeide/plugins/com.st.stm32cube.ide.mcu.externaltools.gnu-tools-for-stm32.7-2018-q2-update.win32_1.0.0.201904181610/tools/bin/../lib/gcc/arm-none-eabi/7.3.1/../../../../arm-none-eabi/lib/thumb/v7e-m/fpv5/hard\libc_nano.a(lib_a-impure.o)
                0x0000000020000070                . = ALIGN (0x4)
                0x0000000020000070                _edata = .

.igot.plt       0x0000000020000070        0x0 load address 0x0000000008004d5c
 .igot.plt      0x0000000020000070        0x0 c:/st/stm32cubeide_1.3.0/stm32cubeide/plugins/com.st.stm32cube.ide.mcu.externaltools.gnu-tools-for-stm32.7-2018-q2-update.win32_1.0.0.201904181610/tools/bin/../lib/gcc/arm-none-eabi/7.3.1/thumb/v7e-m/fpv5/hard/crtbegin.o
                0x0000000020000070                . = ALIGN (0x4)

.bss            0x0000000020000070      0x504 load address 0x0000000008004d5c
                0x0000000020000070                _sbss = .
                0x0000000020000070                __bss_start__ = _sbss
 *(.bss)
 .bss           0x0000000020000070       0x1c c:/st/stm32cubeide_1.3.0/stm32cubeide/plugins/com.st.stm32cube.ide.mcu.externaltools.gnu-tools-for-stm32.7-2018-q2-update.win32_1.0.0.201904181610/tools/bin/../lib/gcc/arm-none-eabi/7.3.1/thumb/v7e-m/fpv5/hard/crtbegin.o
 *(.bss*)
 .bss.FMC_Initialized
                0x000000002000008c        0x4 Core/Src/fmc.o
 .bss.uwIndex   0x0000000020000090        0x4 Core/Src/main.o
                0x0000000020000090                uwIndex
 .bss.heap_end.6424
                0x0000000020000094        0x4 Core/Src/sysmem.o
 .bss.__malloc_free_list
                0x0000000020000098        0x4 c:/st/stm32cubeide_1.3.0/stm32cubeide/plugins/com.st.stm32cube.ide.mcu.externaltools.gnu-tools-for-stm32.7-2018-q2-update.win32_1.0.0.201904181610/tools/bin/../lib/gcc/arm-none-eabi/7.3.1/../../../../arm-none-eabi/lib/thumb/v7e-m/fpv5/hard\libc_nano.a(lib_a-nano-mallocr.o)
                0x0000000020000098                __malloc_free_list
 .bss.__malloc_sbrk_start
                0x000000002000009c        0x4 c:/st/stm32cubeide_1.3.0/stm32cubeide/plugins/com.st.stm32cube.ide.mcu.externaltools.gnu-tools-for-stm32.7-2018-q2-update.win32_1.0.0.201904181610/tools/bin/../lib/gcc/arm-none-eabi/7.3.1/../../../../arm-none-eabi/lib/thumb/v7e-m/fpv5/hard\libc_nano.a(lib_a-nano-mallocr.o)
                0x000000002000009c                __malloc_sbrk_start
 *(COMMON)
 COMMON         0x00000000200000a0       0x11 Core/MT48LC4M32B2/MT48LC4M32B2.o
                0x00000000200000a0                command
                0x00000000200000b0                hal_status
 COMMON         0x00000000200000b1        0x2 Core/ST7789/st7789.o
                0x00000000200000b1                ST7789_Width
                0x00000000200000b2                ST7789_Height
 *fill*         0x00000000200000b3        0x1 
 COMMON         0x00000000200000b4       0x34 Core/Src/fmc.o
                0x00000000200000b4                hsdram1
 COMMON         0x00000000200000e8      0x320 Core/Src/main.o
                0x00000000200000e8                aRxBuffer
                0x0000000020000278                aTxBuffer
 COMMON         0x0000000020000408       0x64 Core/Src/spi.o
                0x0000000020000408                hspi5
 COMMON         0x000000002000046c      0x100 Core/Src/usart.o
                0x000000002000046c                huart1
                0x00000000200004ec                huart2
 COMMON         0x000000002000056c        0x4 Drivers/STM32F7xx_HAL_Driver/Src/stm32f7xx_hal.o
                0x000000002000056c                uwTick
 COMMON         0x0000000020000570        0x4 c:/st/stm32cubeide_1.3.0/stm32cubeide/plugins/com.st.stm32cube.ide.mcu.externaltools.gnu-tools-for-stm32.7-2018-q2-update.win32_1.0.0.201904181610/tools/bin/../lib/gcc/arm-none-eabi/7.3.1/../../../../arm-none-eabi/lib/thumb/v7e-m/fpv5/hard\libc_nano.a(lib_a-reent.o)
                0x0000000020000570                errno
                0x0000000020000574                . = ALIGN (0x4)
                0x0000000020000574                _ebss = .
                0x0000000020000574                __bss_end__ = _ebss

._user_heap_stack
                0x0000000020000574     0x6004 load address 0x0000000008004d5c
                0x0000000020000578                . = ALIGN (0x8)
 *fill*         0x0000000020000574        0x4 
                0x0000000020000578                PROVIDE (end = .)
                [!provide]                        PROVIDE (_end = .)
                0x0000000020002578                . = (. + _Min_Heap_Size)
 *fill*         0x0000000020000578     0x2000 
                0x0000000020006578                . = (. + _Min_Stack_Size)
 *fill*         0x0000000020002578     0x4000 
                0x0000000020006578                . = ALIGN (0x8)

/DISCARD/
 libc.a(*)
 libm.a(*)
 libgcc.a(*)

.ARM.attributes
                0x0000000000000000       0x2e
 *(.ARM.attributes)
 .ARM.attributes
                0x0000000000000000       0x20 c:/st/stm32cubeide_1.3.0/stm32cubeide/plugins/com.st.stm32cube.ide.mcu.externaltools.gnu-tools-for-stm32.7-2018-q2-update.win32_1.0.0.201904181610/tools/bin/../lib/gcc/arm-none-eabi/7.3.1/thumb/v7e-m/fpv5/hard/crti.o
 .ARM.attributes
                0x0000000000000020       0x32 c:/st/stm32cubeide_1.3.0/stm32cubeide/plugins/com.st.stm32cube.ide.mcu.externaltools.gnu-tools-for-stm32.7-2018-q2-update.win32_1.0.0.201904181610/tools/bin/../lib/gcc/arm-none-eabi/7.3.1/thumb/v7e-m/fpv5/hard/crtbegin.o
 .ARM.attributes
                0x0000000000000052       0x37 Core/MT48LC4M32B2/MT48LC4M32B2.o
 .ARM.attributes
                0x0000000000000089       0x37 Core/ST7789/st7789.o
 .ARM.attributes
                0x00000000000000c0       0x37 Core/Src/fmc.o
 .ARM.attributes
                0x00000000000000f7       0x37 Core/Src/gpio.o
 .ARM.attributes
                0x000000000000012e       0x37 Core/Src/main.o
 .ARM.attributes
                0x0000000000000165       0x37 Core/Src/spi.o
 .ARM.attributes
                0x000000000000019c       0x37 Core/Src/stm32f7xx_hal_msp.o
 .ARM.attributes
                0x00000000000001d3       0x37 Core/Src/stm32f7xx_it.o
 .ARM.attributes
                0x000000000000020a       0x37 Core/Src/sysmem.o
 .ARM.attributes
                0x0000000000000241       0x37 Core/Src/system_stm32f7xx.o
 .ARM.attributes
                0x0000000000000278       0x37 Core/Src/usart.o
 .ARM.attributes
                0x00000000000002af       0x21 Core/Startup/startup_stm32f769nihx.o
 .ARM.attributes
                0x00000000000002d0       0x37 Drivers/STM32F7xx_HAL_Driver/Src/stm32f7xx_hal.o
 .ARM.attributes
                0x0000000000000307       0x37 Drivers/STM32F7xx_HAL_Driver/Src/stm32f7xx_hal_cortex.o
 .ARM.attributes
                0x000000000000033e       0x37 Drivers/STM32F7xx_HAL_Driver/Src/stm32f7xx_hal_gpio.o
 .ARM.attributes
                0x0000000000000375       0x37 Drivers/STM32F7xx_HAL_Driver/Src/stm32f7xx_hal_pwr_ex.o
 .ARM.attributes
                0x00000000000003ac       0x37 Drivers/STM32F7xx_HAL_Driver/Src/stm32f7xx_hal_rcc.o
 .ARM.attributes
                0x00000000000003e3       0x37 Drivers/STM32F7xx_HAL_Driver/Src/stm32f7xx_hal_rcc_ex.o
 .ARM.attributes
                0x000000000000041a       0x37 Drivers/STM32F7xx_HAL_Driver/Src/stm32f7xx_hal_sdram.o
 .ARM.attributes
                0x0000000000000451       0x37 Drivers/STM32F7xx_HAL_Driver/Src/stm32f7xx_hal_spi.o
 .ARM.attributes
                0x0000000000000488       0x37 Drivers/STM32F7xx_HAL_Driver/Src/stm32f7xx_hal_uart.o
 .ARM.attributes
                0x00000000000004bf       0x37 Drivers/STM32F7xx_HAL_Driver/Src/stm32f7xx_ll_fmc.o
 .ARM.attributes
                0x00000000000004f6       0x32 c:/st/stm32cubeide_1.3.0/stm32cubeide/plugins/com.st.stm32cube.ide.mcu.externaltools.gnu-tools-for-stm32.7-2018-q2-update.win32_1.0.0.201904181610/tools/bin/../lib/gcc/arm-none-eabi/7.3.1/../../../../arm-none-eabi/lib/thumb/v7e-m/fpv5/hard\libc_nano.a(lib_a-errno.o)
 .ARM.attributes
                0x0000000000000528       0x32 c:/st/stm32cubeide_1.3.0/stm32cubeide/plugins/com.st.stm32cube.ide.mcu.externaltools.gnu-tools-for-stm32.7-2018-q2-update.win32_1.0.0.201904181610/tools/bin/../lib/gcc/arm-none-eabi/7.3.1/../../../../arm-none-eabi/lib/thumb/v7e-m/fpv5/hard\libc_nano.a(lib_a-impure.o)
 .ARM.attributes
                0x000000000000055a       0x32 c:/st/stm32cubeide_1.3.0/stm32cubeide/plugins/com.st.stm32cube.ide.mcu.externaltools.gnu-tools-for-stm32.7-2018-q2-update.win32_1.0.0.201904181610/tools/bin/../lib/gcc/arm-none-eabi/7.3.1/../../../../arm-none-eabi/lib/thumb/v7e-m/fpv5/hard\libc_nano.a(lib_a-init.o)
 .ARM.attributes
                0x000000000000058c       0x32 c:/st/stm32cubeide_1.3.0/stm32cubeide/plugins/com.st.stm32cube.ide.mcu.externaltools.gnu-tools-for-stm32.7-2018-q2-update.win32_1.0.0.201904181610/tools/bin/../lib/gcc/arm-none-eabi/7.3.1/../../../../arm-none-eabi/lib/thumb/v7e-m/fpv5/hard\libc_nano.a(lib_a-memset.o)
 .ARM.attributes
                0x00000000000005be       0x32 c:/st/stm32cubeide_1.3.0/stm32cubeide/plugins/com.st.stm32cube.ide.mcu.externaltools.gnu-tools-for-stm32.7-2018-q2-update.win32_1.0.0.201904181610/tools/bin/../lib/gcc/arm-none-eabi/7.3.1/../../../../arm-none-eabi/lib/thumb/v7e-m/fpv5/hard\libc_nano.a(lib_a-sprintf.o)
 .ARM.attributes
                0x00000000000005f0       0x19 c:/st/stm32cubeide_1.3.0/stm32cubeide/plugins/com.st.stm32cube.ide.mcu.externaltools.gnu-tools-for-stm32.7-2018-q2-update.win32_1.0.0.201904181610/tools/bin/../lib/gcc/arm-none-eabi/7.3.1/../../../../arm-none-eabi/lib/thumb/v7e-m/fpv5/hard\libc_nano.a(lib_a-strlen.o)
 .ARM.attributes
                0x0000000000000609       0x32 c:/st/stm32cubeide_1.3.0/stm32cubeide/plugins/com.st.stm32cube.ide.mcu.externaltools.gnu-tools-for-stm32.7-2018-q2-update.win32_1.0.0.201904181610/tools/bin/../lib/gcc/arm-none-eabi/7.3.1/../../../../arm-none-eabi/lib/thumb/v7e-m/fpv5/hard\libc_nano.a(lib_a-vsnprintf.o)
 .ARM.attributes
                0x000000000000063b       0x32 c:/st/stm32cubeide_1.3.0/stm32cubeide/plugins/com.st.stm32cube.ide.mcu.externaltools.gnu-tools-for-stm32.7-2018-q2-update.win32_1.0.0.201904181610/tools/bin/../lib/gcc/arm-none-eabi/7.3.1/../../../../arm-none-eabi/lib/thumb/v7e-m/fpv5/hard\libc_nano.a(lib_a-nano-svfprintf.o)
 .ARM.attributes
                0x000000000000066d       0x32 c:/st/stm32cubeide_1.3.0/stm32cubeide/plugins/com.st.stm32cube.ide.mcu.externaltools.gnu-tools-for-stm32.7-2018-q2-update.win32_1.0.0.201904181610/tools/bin/../lib/gcc/arm-none-eabi/7.3.1/../../../../arm-none-eabi/lib/thumb/v7e-m/fpv5/hard\libc_nano.a(lib_a-nano-vfprintf_i.o)
 .ARM.attributes
                0x000000000000069f       0x1e c:/st/stm32cubeide_1.3.0/stm32cubeide/plugins/com.st.stm32cube.ide.mcu.externaltools.gnu-tools-for-stm32.7-2018-q2-update.win32_1.0.0.201904181610/tools/bin/../lib/gcc/arm-none-eabi/7.3.1/../../../../arm-none-eabi/lib/thumb/v7e-m/fpv5/hard\libc_nano.a(lib_a-memchr.o)
 .ARM.attributes
                0x00000000000006bd       0x32 c:/st/stm32cubeide_1.3.0/stm32cubeide/plugins/com.st.stm32cube.ide.mcu.externaltools.gnu-tools-for-stm32.7-2018-q2-update.win32_1.0.0.201904181610/tools/bin/../lib/gcc/arm-none-eabi/7.3.1/../../../../arm-none-eabi/lib/thumb/v7e-m/fpv5/hard\libc_nano.a(lib_a-memcpy-stub.o)
 .ARM.attributes
                0x00000000000006ef       0x32 c:/st/stm32cubeide_1.3.0/stm32cubeide/plugins/com.st.stm32cube.ide.mcu.externaltools.gnu-tools-for-stm32.7-2018-q2-update.win32_1.0.0.201904181610/tools/bin/../lib/gcc/arm-none-eabi/7.3.1/../../../../arm-none-eabi/lib/thumb/v7e-m/fpv5/hard\libc_nano.a(lib_a-memmove.o)
 .ARM.attributes
                0x0000000000000721       0x32 c:/st/stm32cubeide_1.3.0/stm32cubeide/plugins/com.st.stm32cube.ide.mcu.externaltools.gnu-tools-for-stm32.7-2018-q2-update.win32_1.0.0.201904181610/tools/bin/../lib/gcc/arm-none-eabi/7.3.1/../../../../arm-none-eabi/lib/thumb/v7e-m/fpv5/hard\libc_nano.a(lib_a-nano-freer.o)
 .ARM.attributes
                0x0000000000000753       0x32 c:/st/stm32cubeide_1.3.0/stm32cubeide/plugins/com.st.stm32cube.ide.mcu.externaltools.gnu-tools-for-stm32.7-2018-q2-update.win32_1.0.0.201904181610/tools/bin/../lib/gcc/arm-none-eabi/7.3.1/../../../../arm-none-eabi/lib/thumb/v7e-m/fpv5/hard\libc_nano.a(lib_a-nano-mallocr.o)
 .ARM.attributes
                0x0000000000000785       0x32 c:/st/stm32cubeide_1.3.0/stm32cubeide/plugins/com.st.stm32cube.ide.mcu.externaltools.gnu-tools-for-stm32.7-2018-q2-update.win32_1.0.0.201904181610/tools/bin/../lib/gcc/arm-none-eabi/7.3.1/../../../../arm-none-eabi/lib/thumb/v7e-m/fpv5/hard\libc_nano.a(lib_a-nano-reallocr.o)
 .ARM.attributes
                0x00000000000007b7       0x32 c:/st/stm32cubeide_1.3.0/stm32cubeide/plugins/com.st.stm32cube.ide.mcu.externaltools.gnu-tools-for-stm32.7-2018-q2-update.win32_1.0.0.201904181610/tools/bin/../lib/gcc/arm-none-eabi/7.3.1/../../../../arm-none-eabi/lib/thumb/v7e-m/fpv5/hard\libc_nano.a(lib_a-sbrkr.o)
 .ARM.attributes
                0x00000000000007e9       0x32 c:/st/stm32cubeide_1.3.0/stm32cubeide/plugins/com.st.stm32cube.ide.mcu.externaltools.gnu-tools-for-stm32.7-2018-q2-update.win32_1.0.0.201904181610/tools/bin/../lib/gcc/arm-none-eabi/7.3.1/../../../../arm-none-eabi/lib/thumb/v7e-m/fpv5/hard\libc_nano.a(lib_a-mlock.o)
 .ARM.attributes
                0x000000000000081b       0x32 c:/st/stm32cubeide_1.3.0/stm32cubeide/plugins/com.st.stm32cube.ide.mcu.externaltools.gnu-tools-for-stm32.7-2018-q2-update.win32_1.0.0.201904181610/tools/bin/../lib/gcc/arm-none-eabi/7.3.1/../../../../arm-none-eabi/lib/thumb/v7e-m/fpv5/hard\libc_nano.a(lib_a-nano-msizer.o)
 .ARM.attributes
                0x000000000000084d       0x32 c:/st/stm32cubeide_1.3.0/stm32cubeide/plugins/com.st.stm32cube.ide.mcu.externaltools.gnu-tools-for-stm32.7-2018-q2-update.win32_1.0.0.201904181610/tools/bin/../lib/gcc/arm-none-eabi/7.3.1/../../../../arm-none-eabi/lib/thumb/v7e-m/fpv5/hard\libc_nano.a(lib_a-reent.o)
 .ARM.attributes
                0x000000000000087f       0x20 c:/st/stm32cubeide_1.3.0/stm32cubeide/plugins/com.st.stm32cube.ide.mcu.externaltools.gnu-tools-for-stm32.7-2018-q2-update.win32_1.0.0.201904181610/tools/bin/../lib/gcc/arm-none-eabi/7.3.1/thumb/v7e-m/fpv5/hard\libgcc.a(_aeabi_uldivmod.o)
 .ARM.attributes
                0x000000000000089f       0x32 c:/st/stm32cubeide_1.3.0/stm32cubeide/plugins/com.st.stm32cube.ide.mcu.externaltools.gnu-tools-for-stm32.7-2018-q2-update.win32_1.0.0.201904181610/tools/bin/../lib/gcc/arm-none-eabi/7.3.1/thumb/v7e-m/fpv5/hard\libgcc.a(_udivmoddi4.o)
 .ARM.attributes
                0x00000000000008d1       0x20 c:/st/stm32cubeide_1.3.0/stm32cubeide/plugins/com.st.stm32cube.ide.mcu.externaltools.gnu-tools-for-stm32.7-2018-q2-update.win32_1.0.0.201904181610/tools/bin/../lib/gcc/arm-none-eabi/7.3.1/thumb/v7e-m/fpv5/hard\libgcc.a(_dvmd_tls.o)
 .ARM.attributes
                0x00000000000008f1       0x20 c:/st/stm32cubeide_1.3.0/stm32cubeide/plugins/com.st.stm32cube.ide.mcu.externaltools.gnu-tools-for-stm32.7-2018-q2-update.win32_1.0.0.201904181610/tools/bin/../lib/gcc/arm-none-eabi/7.3.1/thumb/v7e-m/fpv5/hard/crtn.o
OUTPUT(STM32F769NiT6_SDRAM_MT48LC4M32B2B5-6A.elf elf32-littlearm)

.debug_info     0x0000000000000000    0x13955
 .debug_info    0x0000000000000000      0xefd Core/MT48LC4M32B2/MT48LC4M32B2.o
 .debug_info    0x0000000000000efd     0x1c4c Core/ST7789/st7789.o
 .debug_info    0x0000000000002b49     0x11c1 Core/Src/fmc.o
 .debug_info    0x0000000000003d0a      0xd55 Core/Src/gpio.o
 .debug_info    0x0000000000004a5f     0x1f75 Core/Src/main.o
 .debug_info    0x00000000000069d4     0x122e Core/Src/spi.o
 .debug_info    0x0000000000007c02      0xb9b Core/Src/stm32f7xx_hal_msp.o
 .debug_info    0x000000000000879d      0xa1c Core/Src/stm32f7xx_it.o
 .debug_info    0x00000000000091b9      0x91c Core/Src/sysmem.o
 .debug_info    0x0000000000009ad5      0x73d Core/Src/system_stm32f7xx.o
 .debug_info    0x000000000000a212     0x12b9 Core/Src/usart.o
 .debug_info    0x000000000000b4cb       0x22 Core/Startup/startup_stm32f769nihx.o
 .debug_info    0x000000000000b4ed      0xa4c Drivers/STM32F7xx_HAL_Driver/Src/stm32f7xx_hal.o
 .debug_info    0x000000000000bf39     0x1092 Drivers/STM32F7xx_HAL_Driver/Src/stm32f7xx_hal_cortex.o
 .debug_info    0x000000000000cfcb      0x7e9 Drivers/STM32F7xx_HAL_Driver/Src/stm32f7xx_hal_gpio.o
 .debug_info    0x000000000000d7b4      0x96b Drivers/STM32F7xx_HAL_Driver/Src/stm32f7xx_hal_pwr_ex.o
 .debug_info    0x000000000000e11f      0x996 Drivers/STM32F7xx_HAL_Driver/Src/stm32f7xx_hal_rcc.o
 .debug_info    0x000000000000eab5      0x7d1 Drivers/STM32F7xx_HAL_Driver/Src/stm32f7xx_hal_rcc_ex.o
 .debug_info    0x000000000000f286      0xca1 Drivers/STM32F7xx_HAL_Driver/Src/stm32f7xx_hal_sdram.o
 .debug_info    0x000000000000ff27     0x166a Drivers/STM32F7xx_HAL_Driver/Src/stm32f7xx_hal_spi.o
 .debug_info    0x0000000000011591     0x16f7 Drivers/STM32F7xx_HAL_Driver/Src/stm32f7xx_hal_uart.o
 .debug_info    0x0000000000012c88      0xccd Drivers/STM32F7xx_HAL_Driver/Src/stm32f7xx_ll_fmc.o

.debug_abbrev   0x0000000000000000     0x2a42
 .debug_abbrev  0x0000000000000000      0x1ed Core/MT48LC4M32B2/MT48LC4M32B2.o
 .debug_abbrev  0x00000000000001ed      0x30c Core/ST7789/st7789.o
 .debug_abbrev  0x00000000000004f9      0x247 Core/Src/fmc.o
 .debug_abbrev  0x0000000000000740      0x1c5 Core/Src/gpio.o
 .debug_abbrev  0x0000000000000905      0x2d6 Core/Src/main.o
 .debug_abbrev  0x0000000000000bdb      0x1fb Core/Src/spi.o
 .debug_abbrev  0x0000000000000dd6      0x1c5 Core/Src/stm32f7xx_hal_msp.o
 .debug_abbrev  0x0000000000000f9b      0x1ad Core/Src/stm32f7xx_it.o
 .debug_abbrev  0x0000000000001148      0x1bb Core/Src/sysmem.o
 .debug_abbrev  0x0000000000001303      0x147 Core/Src/system_stm32f7xx.o
 .debug_abbrev  0x000000000000144a      0x1fb Core/Src/usart.o
 .debug_abbrev  0x0000000000001645       0x12 Core/Startup/startup_stm32f769nihx.o
 .debug_abbrev  0x0000000000001657      0x1c7 Drivers/STM32F7xx_HAL_Driver/Src/stm32f7xx_hal.o
 .debug_abbrev  0x000000000000181e      0x2fa Drivers/STM32F7xx_HAL_Driver/Src/stm32f7xx_hal_cortex.o
 .debug_abbrev  0x0000000000001b18      0x1c9 Drivers/STM32F7xx_HAL_Driver/Src/stm32f7xx_hal_gpio.o
 .debug_abbrev  0x0000000000001ce1      0x1b8 Drivers/STM32F7xx_HAL_Driver/Src/stm32f7xx_hal_pwr_ex.o
 .debug_abbrev  0x0000000000001e99      0x268 Drivers/STM32F7xx_HAL_Driver/Src/stm32f7xx_hal_rcc.o
 .debug_abbrev  0x0000000000002101      0x1ad Drivers/STM32F7xx_HAL_Driver/Src/stm32f7xx_hal_rcc_ex.o
 .debug_abbrev  0x00000000000022ae      0x1f7 Drivers/STM32F7xx_HAL_Driver/Src/stm32f7xx_hal_sdram.o
 .debug_abbrev  0x00000000000024a5      0x228 Drivers/STM32F7xx_HAL_Driver/Src/stm32f7xx_hal_spi.o
 .debug_abbrev  0x00000000000026cd      0x205 Drivers/STM32F7xx_HAL_Driver/Src/stm32f7xx_hal_uart.o
 .debug_abbrev  0x00000000000028d2      0x170 Drivers/STM32F7xx_HAL_Driver/Src/stm32f7xx_ll_fmc.o

.debug_aranges  0x0000000000000000      0xcd8
 .debug_aranges
                0x0000000000000000       0x30 Core/MT48LC4M32B2/MT48LC4M32B2.o
 .debug_aranges
                0x0000000000000030      0x138 Core/ST7789/st7789.o
 .debug_aranges
                0x0000000000000168       0x40 Core/Src/fmc.o
 .debug_aranges
                0x00000000000001a8       0x20 Core/Src/gpio.o
 .debug_aranges
                0x00000000000001c8       0x58 Core/Src/main.o
 .debug_aranges
                0x0000000000000220       0x30 Core/Src/spi.o
 .debug_aranges
                0x0000000000000250       0x20 Core/Src/stm32f7xx_hal_msp.o
 .debug_aranges
                0x0000000000000270       0x60 Core/Src/stm32f7xx_it.o
 .debug_aranges
                0x00000000000002d0       0x20 Core/Src/sysmem.o
 .debug_aranges
                0x00000000000002f0       0x28 Core/Src/system_stm32f7xx.o
 .debug_aranges
                0x0000000000000318       0x38 Core/Src/usart.o
 .debug_aranges
                0x0000000000000350       0x28 Core/Startup/startup_stm32f769nihx.o
 .debug_aranges
                0x0000000000000378      0x110 Drivers/STM32F7xx_HAL_Driver/Src/stm32f7xx_hal.o
 .debug_aranges
                0x0000000000000488      0x118 Drivers/STM32F7xx_HAL_Driver/Src/stm32f7xx_hal_cortex.o
 .debug_aranges
                0x00000000000005a0       0x58 Drivers/STM32F7xx_HAL_Driver/Src/stm32f7xx_hal_gpio.o
 .debug_aranges
                0x00000000000005f8       0x80 Drivers/STM32F7xx_HAL_Driver/Src/stm32f7xx_hal_pwr_ex.o
 .debug_aranges
                0x0000000000000678       0x88 Drivers/STM32F7xx_HAL_Driver/Src/stm32f7xx_hal_rcc.o
 .debug_aranges
                0x0000000000000700       0x50 Drivers/STM32F7xx_HAL_Driver/Src/stm32f7xx_hal_rcc_ex.o
 .debug_aranges
                0x0000000000000750       0xd0 Drivers/STM32F7xx_HAL_Driver/Src/stm32f7xx_hal_sdram.o
 .debug_aranges
                0x0000000000000820      0x1d8 Drivers/STM32F7xx_HAL_Driver/Src/stm32f7xx_hal_spi.o
 .debug_aranges
                0x00000000000009f8      0x218 Drivers/STM32F7xx_HAL_Driver/Src/stm32f7xx_hal_uart.o
 .debug_aranges
                0x0000000000000c10       0xc8 Drivers/STM32F7xx_HAL_Driver/Src/stm32f7xx_ll_fmc.o

.debug_ranges   0x0000000000000000      0xb80
 .debug_ranges  0x0000000000000000       0x20 Core/MT48LC4M32B2/MT48LC4M32B2.o
 .debug_ranges  0x0000000000000020      0x128 Core/ST7789/st7789.o
 .debug_ranges  0x0000000000000148       0x30 Core/Src/fmc.o
 .debug_ranges  0x0000000000000178       0x10 Core/Src/gpio.o
 .debug_ranges  0x0000000000000188       0x48 Core/Src/main.o
 .debug_ranges  0x00000000000001d0       0x20 Core/Src/spi.o
 .debug_ranges  0x00000000000001f0       0x10 Core/Src/stm32f7xx_hal_msp.o
 .debug_ranges  0x0000000000000200       0x50 Core/Src/stm32f7xx_it.o
 .debug_ranges  0x0000000000000250       0x10 Core/Src/sysmem.o
 .debug_ranges  0x0000000000000260       0x18 Core/Src/system_stm32f7xx.o
 .debug_ranges  0x0000000000000278       0x28 Core/Src/usart.o
 .debug_ranges  0x00000000000002a0       0x20 Core/Startup/startup_stm32f769nihx.o
 .debug_ranges  0x00000000000002c0      0x100 Drivers/STM32F7xx_HAL_Driver/Src/stm32f7xx_hal.o
 .debug_ranges  0x00000000000003c0      0x108 Drivers/STM32F7xx_HAL_Driver/Src/stm32f7xx_hal_cortex.o
 .debug_ranges  0x00000000000004c8       0x48 Drivers/STM32F7xx_HAL_Driver/Src/stm32f7xx_hal_gpio.o
 .debug_ranges  0x0000000000000510       0x70 Drivers/STM32F7xx_HAL_Driver/Src/stm32f7xx_hal_pwr_ex.o
 .debug_ranges  0x0000000000000580       0x78 Drivers/STM32F7xx_HAL_Driver/Src/stm32f7xx_hal_rcc.o
 .debug_ranges  0x00000000000005f8       0x40 Drivers/STM32F7xx_HAL_Driver/Src/stm32f7xx_hal_rcc_ex.o
 .debug_ranges  0x0000000000000638       0xc0 Drivers/STM32F7xx_HAL_Driver/Src/stm32f7xx_hal_sdram.o
 .debug_ranges  0x00000000000006f8      0x1c8 Drivers/STM32F7xx_HAL_Driver/Src/stm32f7xx_hal_spi.o
 .debug_ranges  0x00000000000008c0      0x208 Drivers/STM32F7xx_HAL_Driver/Src/stm32f7xx_hal_uart.o
 .debug_ranges  0x0000000000000ac8       0xb8 Drivers/STM32F7xx_HAL_Driver/Src/stm32f7xx_ll_fmc.o

.debug_macro    0x0000000000000000    0x2f096
 .debug_macro   0x0000000000000000      0x2cf Core/MT48LC4M32B2/MT48LC4M32B2.o
 .debug_macro   0x00000000000002cf      0xa66 Core/MT48LC4M32B2/MT48LC4M32B2.o
 .debug_macro   0x0000000000000d35      0x18f Core/MT48LC4M32B2/MT48LC4M32B2.o
 .debug_macro   0x0000000000000ec4       0x2e Core/MT48LC4M32B2/MT48LC4M32B2.o
 .debug_macro   0x0000000000000ef2       0x3b Core/MT48LC4M32B2/MT48LC4M32B2.o
 .debug_macro   0x0000000000000f2d       0x22 Core/MT48LC4M32B2/MT48LC4M32B2.o
 .debug_macro   0x0000000000000f4f       0x8e Core/MT48LC4M32B2/MT48LC4M32B2.o
 .debug_macro   0x0000000000000fdd       0x51 Core/MT48LC4M32B2/MT48LC4M32B2.o
 .debug_macro   0x000000000000102e       0xef Core/MT48LC4M32B2/MT48LC4M32B2.o
 .debug_macro   0x000000000000111d       0x6a Core/MT48LC4M32B2/MT48LC4M32B2.o
 .debug_macro   0x0000000000001187      0x1df Core/MT48LC4M32B2/MT48LC4M32B2.o
 .debug_macro   0x0000000000001366       0x1c Core/MT48LC4M32B2/MT48LC4M32B2.o
 .debug_macro   0x0000000000001382       0x22 Core/MT48LC4M32B2/MT48LC4M32B2.o
 .debug_macro   0x00000000000013a4       0xdf Core/MT48LC4M32B2/MT48LC4M32B2.o
 .debug_macro   0x0000000000001483     0x12cd Core/MT48LC4M32B2/MT48LC4M32B2.o
 .debug_macro   0x0000000000002750      0x11f Core/MT48LC4M32B2/MT48LC4M32B2.o
 .debug_macro   0x000000000000286f       0x19 Core/MT48LC4M32B2/MT48LC4M32B2.o
 .debug_macro   0x0000000000002888    0x20462 Core/MT48LC4M32B2/MT48LC4M32B2.o
 .debug_macro   0x0000000000022cea       0x43 Core/MT48LC4M32B2/MT48LC4M32B2.o
 .debug_macro   0x0000000000022d2d     0x36b4 Core/MT48LC4M32B2/MT48LC4M32B2.o
 .debug_macro   0x00000000000263e1      0x174 Core/MT48LC4M32B2/MT48LC4M32B2.o
 .debug_macro   0x0000000000026555       0x61 Core/MT48LC4M32B2/MT48LC4M32B2.o
 .debug_macro   0x00000000000265b6     0x1b3f Core/MT48LC4M32B2/MT48LC4M32B2.o
 .debug_macro   0x00000000000280f5      0x6c4 Core/MT48LC4M32B2/MT48LC4M32B2.o
 .debug_macro   0x00000000000287b9      0x18b Core/MT48LC4M32B2/MT48LC4M32B2.o
 .debug_macro   0x0000000000028944      0x117 Core/MT48LC4M32B2/MT48LC4M32B2.o
 .debug_macro   0x0000000000028a5b      0x276 Core/MT48LC4M32B2/MT48LC4M32B2.o
 .debug_macro   0x0000000000028cd1       0x27 Core/MT48LC4M32B2/MT48LC4M32B2.o
 .debug_macro   0x0000000000028cf8      0x24f Core/MT48LC4M32B2/MT48LC4M32B2.o
 .debug_macro   0x0000000000028f47       0x71 Core/MT48LC4M32B2/MT48LC4M32B2.o
 .debug_macro   0x0000000000028fb8       0x58 Core/MT48LC4M32B2/MT48LC4M32B2.o
 .debug_macro   0x0000000000029010      0x236 Core/MT48LC4M32B2/MT48LC4M32B2.o
 .debug_macro   0x0000000000029246      0x14f Core/MT48LC4M32B2/MT48LC4M32B2.o
 .debug_macro   0x0000000000029395      0x3dc Core/MT48LC4M32B2/MT48LC4M32B2.o
 .debug_macro   0x0000000000029771       0x12 Core/MT48LC4M32B2/MT48LC4M32B2.o
 .debug_macro   0x0000000000029783      0x514 Core/MT48LC4M32B2/MT48LC4M32B2.o
 .debug_macro   0x0000000000029c97      0x22c Core/MT48LC4M32B2/MT48LC4M32B2.o
 .debug_macro   0x0000000000029ec3       0x61 Core/MT48LC4M32B2/MT48LC4M32B2.o
 .debug_macro   0x0000000000029f24       0xa5 Core/MT48LC4M32B2/MT48LC4M32B2.o
 .debug_macro   0x0000000000029fc9      0x12f Core/MT48LC4M32B2/MT48LC4M32B2.o
 .debug_macro   0x000000000002a0f8      0x108 Core/MT48LC4M32B2/MT48LC4M32B2.o
 .debug_macro   0x000000000002a200       0x35 Core/MT48LC4M32B2/MT48LC4M32B2.o
 .debug_macro   0x000000000002a235      0x2fe Core/MT48LC4M32B2/MT48LC4M32B2.o
 .debug_macro   0x000000000002a533      0x589 Core/MT48LC4M32B2/MT48LC4M32B2.o
 .debug_macro   0x000000000002aabc       0x44 Core/MT48LC4M32B2/MT48LC4M32B2.o
 .debug_macro   0x000000000002ab00      0x15c Core/MT48LC4M32B2/MT48LC4M32B2.o
 .debug_macro   0x000000000002ac5c       0x46 Core/MT48LC4M32B2/MT48LC4M32B2.o
 .debug_macro   0x000000000002aca2       0x17 Core/MT48LC4M32B2/MT48LC4M32B2.o
 .debug_macro   0x000000000002acb9       0x3c Core/MT48LC4M32B2/MT48LC4M32B2.o
 .debug_macro   0x000000000002acf5       0x34 Core/MT48LC4M32B2/MT48LC4M32B2.o
 .debug_macro   0x000000000002ad29       0x52 Core/MT48LC4M32B2/MT48LC4M32B2.o
 .debug_macro   0x000000000002ad7b       0x1f Core/MT48LC4M32B2/MT48LC4M32B2.o
 .debug_macro   0x000000000002ad9a       0x43 Core/MT48LC4M32B2/MT48LC4M32B2.o
 .debug_macro   0x000000000002addd       0x20 Core/MT48LC4M32B2/MT48LC4M32B2.o
 .debug_macro   0x000000000002adfd      0x1a3 Core/MT48LC4M32B2/MT48LC4M32B2.o
 .debug_macro   0x000000000002afa0      0x32a Core/MT48LC4M32B2/MT48LC4M32B2.o
 .debug_macro   0x000000000002b2ca       0x10 Core/MT48LC4M32B2/MT48LC4M32B2.o
 .debug_macro   0x000000000002b2da       0x35 Core/MT48LC4M32B2/MT48LC4M32B2.o
 .debug_macro   0x000000000002b30f       0x20 Core/MT48LC4M32B2/MT48LC4M32B2.o
 .debug_macro   0x000000000002b32f       0x5e Core/MT48LC4M32B2/MT48LC4M32B2.o
 .debug_macro   0x000000000002b38d      0x305 Core/ST7789/st7789.o
 .debug_macro   0x000000000002b692      0x15a Core/ST7789/st7789.o
 .debug_macro   0x000000000002b7ec       0x16 Core/ST7789/st7789.o
 .debug_macro   0x000000000002b802       0x16 Core/ST7789/st7789.o
 .debug_macro   0x000000000002b818       0x29 Core/ST7789/st7789.o
 .debug_macro   0x000000000002b841      0x393 Core/Src/fmc.o
 .debug_macro   0x000000000002bbd4       0x58 Core/Src/fmc.o
 .debug_macro   0x000000000002bc2c       0x1c Core/Src/fmc.o
 .debug_macro   0x000000000002bc48       0x10 Core/Src/fmc.o
 .debug_macro   0x000000000002bc58       0x1c Core/Src/fmc.o
 .debug_macro   0x000000000002bc74       0x52 Core/Src/fmc.o
 .debug_macro   0x000000000002bcc6       0x40 Core/Src/fmc.o
 .debug_macro   0x000000000002bd06       0x10 Core/Src/fmc.o
 .debug_macro   0x000000000002bd16       0x40 Core/Src/fmc.o
 .debug_macro   0x000000000002bd56       0xd7 Core/Src/fmc.o
 .debug_macro   0x000000000002be2d       0x1c Core/Src/fmc.o
 .debug_macro   0x000000000002be49       0x3d Core/Src/fmc.o
 .debug_macro   0x000000000002be86       0x16 Core/Src/fmc.o
 .debug_macro   0x000000000002be9c      0x145 Core/Src/fmc.o
 .debug_macro   0x000000000002bfe1      0x393 Core/Src/gpio.o
 .debug_macro   0x000000000002c374      0x3c7 Core/Src/main.o
 .debug_macro   0x000000000002c73b       0x64 Core/Src/main.o
 .debug_macro   0x000000000002c79f      0x393 Core/Src/spi.o
 .debug_macro   0x000000000002cb32      0x389 Core/Src/stm32f7xx_hal_msp.o
 .debug_macro   0x000000000002cebb      0x393 Core/Src/stm32f7xx_it.o
 .debug_macro   0x000000000002d24e      0x1ae Core/Src/sysmem.o
 .debug_macro   0x000000000002d3fc      0x23b Core/Src/sysmem.o
 .debug_macro   0x000000000002d637       0x16 Core/Src/sysmem.o
 .debug_macro   0x000000000002d64d      0x205 Core/Src/system_stm32f7xx.o
 .debug_macro   0x000000000002d852      0x393 Core/Src/usart.o
 .debug_macro   0x000000000002dbe5      0x223 Drivers/STM32F7xx_HAL_Driver/Src/stm32f7xx_hal.o
 .debug_macro   0x000000000002de08      0x1ff Drivers/STM32F7xx_HAL_Driver/Src/stm32f7xx_hal_cortex.o
 .debug_macro   0x000000000002e007      0x235 Drivers/STM32F7xx_HAL_Driver/Src/stm32f7xx_hal_gpio.o
 .debug_macro   0x000000000002e23c      0x217 Drivers/STM32F7xx_HAL_Driver/Src/stm32f7xx_hal_pwr_ex.o
 .debug_macro   0x000000000002e453      0x223 Drivers/STM32F7xx_HAL_Driver/Src/stm32f7xx_hal_rcc.o
 .debug_macro   0x000000000002e676      0x1ff Drivers/STM32F7xx_HAL_Driver/Src/stm32f7xx_hal_rcc_ex.o
 .debug_macro   0x000000000002e875      0x1ff Drivers/STM32F7xx_HAL_Driver/Src/stm32f7xx_hal_sdram.o
 .debug_macro   0x000000000002ea74      0x207 Drivers/STM32F7xx_HAL_Driver/Src/stm32f7xx_hal_spi.o
 .debug_macro   0x000000000002ec7b      0x21c Drivers/STM32F7xx_HAL_Driver/Src/stm32f7xx_hal_uart.o
 .debug_macro   0x000000000002ee97      0x1ff Drivers/STM32F7xx_HAL_Driver/Src/stm32f7xx_ll_fmc.o

.debug_line     0x0000000000000000     0xd992
 .debug_line    0x0000000000000000      0x8d7 Core/MT48LC4M32B2/MT48LC4M32B2.o
 .debug_line    0x00000000000008d7      0xe82 Core/ST7789/st7789.o
 .debug_line    0x0000000000001759      0x9b0 Core/Src/fmc.o
 .debug_line    0x0000000000002109      0x92a Core/Src/gpio.o
 .debug_line    0x0000000000002a33      0xb6e Core/Src/main.o
 .debug_line    0x00000000000035a1      0x960 Core/Src/spi.o
 .debug_line    0x0000000000003f01      0x922 Core/Src/stm32f7xx_hal_msp.o
 .debug_line    0x0000000000004823      0x9c6 Core/Src/stm32f7xx_it.o
 .debug_line    0x00000000000051e9      0x55e Core/Src/sysmem.o
 .debug_line    0x0000000000005747      0x734 Core/Src/system_stm32f7xx.o
 .debug_line    0x0000000000005e7b      0x98b Core/Src/usart.o
 .debug_line    0x0000000000006806       0x85 Core/Startup/startup_stm32f769nihx.o
 .debug_line    0x000000000000688b      0x967 Drivers/STM32F7xx_HAL_Driver/Src/stm32f7xx_hal.o
 .debug_line    0x00000000000071f2      0xa44 Drivers/STM32F7xx_HAL_Driver/Src/stm32f7xx_hal_cortex.o
 .debug_line    0x0000000000007c36      0x928 Drivers/STM32F7xx_HAL_Driver/Src/stm32f7xx_hal_gpio.o
 .debug_line    0x000000000000855e      0x864 Drivers/STM32F7xx_HAL_Driver/Src/stm32f7xx_hal_pwr_ex.o
 .debug_line    0x0000000000008dc2      0x9cd Drivers/STM32F7xx_HAL_Driver/Src/stm32f7xx_hal_rcc.o
 .debug_line    0x000000000000978f      0x944 Drivers/STM32F7xx_HAL_Driver/Src/stm32f7xx_hal_rcc_ex.o
 .debug_line    0x000000000000a0d3      0xa77 Drivers/STM32F7xx_HAL_Driver/Src/stm32f7xx_hal_sdram.o
 .debug_line    0x000000000000ab4a     0x1196 Drivers/STM32F7xx_HAL_Driver/Src/stm32f7xx_hal_spi.o
 .debug_line    0x000000000000bce0     0x12e7 Drivers/STM32F7xx_HAL_Driver/Src/stm32f7xx_hal_uart.o
 .debug_line    0x000000000000cfc7      0x9cb Drivers/STM32F7xx_HAL_Driver/Src/stm32f7xx_ll_fmc.o

.debug_str      0x0000000000000000   0x114020
 .debug_str     0x0000000000000000   0x10e660 Core/MT48LC4M32B2/MT48LC4M32B2.o
                                     0x10ee2d (size before relaxing)
 .debug_str     0x000000000010e660      0xcc0 Core/ST7789/st7789.o
                                     0x10f5c8 (size before relaxing)
 .debug_str     0x000000000010f320     0x151e Core/Src/fmc.o
                                     0x10ff93 (size before relaxing)
 .debug_str     0x000000000011083e       0x2a Core/Src/gpio.o
                                     0x10faaa (size before relaxing)
 .debug_str     0x0000000000110868      0x79c Core/Src/main.o
                                     0x111094 (size before relaxing)
 .debug_str     0x0000000000111004       0x4b Core/Src/spi.o
                                     0x10ff22 (size before relaxing)
 .debug_str     0x000000000011104f       0x2c Core/Src/stm32f7xx_hal_msp.o
                                     0x10fa0f (size before relaxing)
 .debug_str     0x000000000011107b       0xbd Core/Src/stm32f7xx_it.o
                                     0x10f980 (size before relaxing)
 .debug_str     0x0000000000111138      0x4d1 Core/Src/sysmem.o
                                       0x7b14 (size before relaxing)
 .debug_str     0x0000000000111609       0x70 Core/Src/system_stm32f7xx.o
                                     0x10b924 (size before relaxing)
 .debug_str     0x0000000000111679       0x6b Core/Src/usart.o
                                     0x10ff31 (size before relaxing)
 .debug_str     0x00000000001116e4       0x36 Core/Startup/startup_stm32f769nihx.o
                                         0x77 (size before relaxing)
 .debug_str     0x000000000011171a      0x9e8 Drivers/STM32F7xx_HAL_Driver/Src/stm32f7xx_hal.o
                                     0x10c2b6 (size before relaxing)
 .debug_str     0x0000000000112102      0x305 Drivers/STM32F7xx_HAL_Driver/Src/stm32f7xx_hal_cortex.o
                                     0x10c322 (size before relaxing)
 .debug_str     0x0000000000112407      0x244 Drivers/STM32F7xx_HAL_Driver/Src/stm32f7xx_hal_gpio.o
                                     0x10bafa (size before relaxing)
 .debug_str     0x000000000011264b      0x1d1 Drivers/STM32F7xx_HAL_Driver/Src/stm32f7xx_hal_pwr_ex.o
                                     0x10bb9e (size before relaxing)
 .debug_str     0x000000000011281c      0x27f Drivers/STM32F7xx_HAL_Driver/Src/stm32f7xx_hal_rcc.o
                                     0x10bc58 (size before relaxing)
 .debug_str     0x0000000000112a9b      0x161 Drivers/STM32F7xx_HAL_Driver/Src/stm32f7xx_hal_rcc_ex.o
                                     0x10bc0d (size before relaxing)
 .debug_str     0x0000000000112bfc      0x266 Drivers/STM32F7xx_HAL_Driver/Src/stm32f7xx_hal_sdram.o
                                     0x10be32 (size before relaxing)
 .debug_str     0x0000000000112e62      0x56b Drivers/STM32F7xx_HAL_Driver/Src/stm32f7xx_hal_spi.o
                                     0x10c0de (size before relaxing)
 .debug_str     0x00000000001133cd      0x7dc Drivers/STM32F7xx_HAL_Driver/Src/stm32f7xx_hal_uart.o
                                     0x10c49d (size before relaxing)
 .debug_str     0x0000000000113ba9      0x477 Drivers/STM32F7xx_HAL_Driver/Src/stm32f7xx_ll_fmc.o
                                     0x10bd82 (size before relaxing)

.comment        0x0000000000000000       0x7b
 .comment       0x0000000000000000       0x7b Core/MT48LC4M32B2/MT48LC4M32B2.o
                                         0x7c (size before relaxing)
 .comment       0x000000000000007b       0x7c Core/ST7789/st7789.o
 .comment       0x000000000000007b       0x7c Core/Src/fmc.o
 .comment       0x000000000000007b       0x7c Core/Src/gpio.o
 .comment       0x000000000000007b       0x7c Core/Src/main.o
 .comment       0x000000000000007b       0x7c Core/Src/spi.o
 .comment       0x000000000000007b       0x7c Core/Src/stm32f7xx_hal_msp.o
 .comment       0x000000000000007b       0x7c Core/Src/stm32f7xx_it.o
 .comment       0x000000000000007b       0x7c Core/Src/sysmem.o
 .comment       0x000000000000007b       0x7c Core/Src/system_stm32f7xx.o
 .comment       0x000000000000007b       0x7c Core/Src/usart.o
 .comment       0x000000000000007b       0x7c Drivers/STM32F7xx_HAL_Driver/Src/stm32f7xx_hal.o
 .comment       0x000000000000007b       0x7c Drivers/STM32F7xx_HAL_Driver/Src/stm32f7xx_hal_cortex.o
 .comment       0x000000000000007b       0x7c Drivers/STM32F7xx_HAL_Driver/Src/stm32f7xx_hal_gpio.o
 .comment       0x000000000000007b       0x7c Drivers/STM32F7xx_HAL_Driver/Src/stm32f7xx_hal_pwr_ex.o
 .comment       0x000000000000007b       0x7c Drivers/STM32F7xx_HAL_Driver/Src/stm32f7xx_hal_rcc.o
 .comment       0x000000000000007b       0x7c Drivers/STM32F7xx_HAL_Driver/Src/stm32f7xx_hal_rcc_ex.o
 .comment       0x000000000000007b       0x7c Drivers/STM32F7xx_HAL_Driver/Src/stm32f7xx_hal_sdram.o
 .comment       0x000000000000007b       0x7c Drivers/STM32F7xx_HAL_Driver/Src/stm32f7xx_hal_spi.o
 .comment       0x000000000000007b       0x7c Drivers/STM32F7xx_HAL_Driver/Src/stm32f7xx_hal_uart.o
 .comment       0x000000000000007b       0x7c Drivers/STM32F7xx_HAL_Driver/Src/stm32f7xx_ll_fmc.o

.debug_frame    0x0000000000000000     0x36b8
 .debug_frame   0x0000000000000000       0x84 Core/MT48LC4M32B2/MT48LC4M32B2.o
 .debug_frame   0x0000000000000084      0x550 Core/ST7789/st7789.o
 .debug_frame   0x00000000000005d4       0xbc Core/Src/fmc.o
 .debug_frame   0x0000000000000690       0x34 Core/Src/gpio.o
 .debug_frame   0x00000000000006c4      0x148 Core/Src/main.o
 .debug_frame   0x000000000000080c       0x74 Core/Src/spi.o
 .debug_frame   0x0000000000000880       0x38 Core/Src/stm32f7xx_hal_msp.o
 .debug_frame   0x00000000000008b8      0x10c Core/Src/stm32f7xx_it.o
 .debug_frame   0x00000000000009c4       0x34 Core/Src/sysmem.o
 .debug_frame   0x00000000000009f8       0x58 Core/Src/system_stm32f7xx.o
 .debug_frame   0x0000000000000a50       0x90 Core/Src/usart.o
 .debug_frame   0x0000000000000ae0      0x3f4 Drivers/STM32F7xx_HAL_Driver/Src/stm32f7xx_hal.o
 .debug_frame   0x0000000000000ed4      0x498 Drivers/STM32F7xx_HAL_Driver/Src/stm32f7xx_hal_cortex.o
 .debug_frame   0x000000000000136c      0x14c Drivers/STM32F7xx_HAL_Driver/Src/stm32f7xx_hal_gpio.o
 .debug_frame   0x00000000000014b8      0x1c8 Drivers/STM32F7xx_HAL_Driver/Src/stm32f7xx_hal_pwr_ex.o
 .debug_frame   0x0000000000001680      0x1f4 Drivers/STM32F7xx_HAL_Driver/Src/stm32f7xx_hal_rcc.o
 .debug_frame   0x0000000000001874      0x118 Drivers/STM32F7xx_HAL_Driver/Src/stm32f7xx_hal_rcc_ex.o
 .debug_frame   0x000000000000198c      0x37c Drivers/STM32F7xx_HAL_Driver/Src/stm32f7xx_hal_sdram.o
 .debug_frame   0x0000000000001d08      0x860 Drivers/STM32F7xx_HAL_Driver/Src/stm32f7xx_hal_spi.o
 .debug_frame   0x0000000000002568      0x998 Drivers/STM32F7xx_HAL_Driver/Src/stm32f7xx_hal_uart.o
 .debug_frame   0x0000000000002f00      0x37c Drivers/STM32F7xx_HAL_Driver/Src/stm32f7xx_ll_fmc.o
 .debug_frame   0x000000000000327c       0x20 c:/st/stm32cubeide_1.3.0/stm32cubeide/plugins/com.st.stm32cube.ide.mcu.externaltools.gnu-tools-for-stm32.7-2018-q2-update.win32_1.0.0.201904181610/tools/bin/../lib/gcc/arm-none-eabi/7.3.1/../../../../arm-none-eabi/lib/thumb/v7e-m/fpv5/hard\libc_nano.a(lib_a-errno.o)
 .debug_frame   0x000000000000329c       0x2c c:/st/stm32cubeide_1.3.0/stm32cubeide/plugins/com.st.stm32cube.ide.mcu.externaltools.gnu-tools-for-stm32.7-2018-q2-update.win32_1.0.0.201904181610/tools/bin/../lib/gcc/arm-none-eabi/7.3.1/../../../../arm-none-eabi/lib/thumb/v7e-m/fpv5/hard\libc_nano.a(lib_a-init.o)
 .debug_frame   0x00000000000032c8       0x20 c:/st/stm32cubeide_1.3.0/stm32cubeide/plugins/com.st.stm32cube.ide.mcu.externaltools.gnu-tools-for-stm32.7-2018-q2-update.win32_1.0.0.201904181610/tools/bin/../lib/gcc/arm-none-eabi/7.3.1/../../../../arm-none-eabi/lib/thumb/v7e-m/fpv5/hard\libc_nano.a(lib_a-memset.o)
 .debug_frame   0x00000000000032e8       0x6c c:/st/stm32cubeide_1.3.0/stm32cubeide/plugins/com.st.stm32cube.ide.mcu.externaltools.gnu-tools-for-stm32.7-2018-q2-update.win32_1.0.0.201904181610/tools/bin/../lib/gcc/arm-none-eabi/7.3.1/../../../../arm-none-eabi/lib/thumb/v7e-m/fpv5/hard\libc_nano.a(lib_a-sprintf.o)
 .debug_frame   0x0000000000003354       0x4c c:/st/stm32cubeide_1.3.0/stm32cubeide/plugins/com.st.stm32cube.ide.mcu.externaltools.gnu-tools-for-stm32.7-2018-q2-update.win32_1.0.0.201904181610/tools/bin/../lib/gcc/arm-none-eabi/7.3.1/../../../../arm-none-eabi/lib/thumb/v7e-m/fpv5/hard\libc_nano.a(lib_a-vsnprintf.o)
 .debug_frame   0x00000000000033a0       0x90 c:/st/stm32cubeide_1.3.0/stm32cubeide/plugins/com.st.stm32cube.ide.mcu.externaltools.gnu-tools-for-stm32.7-2018-q2-update.win32_1.0.0.201904181610/tools/bin/../lib/gcc/arm-none-eabi/7.3.1/../../../../arm-none-eabi/lib/thumb/v7e-m/fpv5/hard\libc_nano.a(lib_a-nano-svfprintf.o)
 .debug_frame   0x0000000000003430       0x60 c:/st/stm32cubeide_1.3.0/stm32cubeide/plugins/com.st.stm32cube.ide.mcu.externaltools.gnu-tools-for-stm32.7-2018-q2-update.win32_1.0.0.201904181610/tools/bin/../lib/gcc/arm-none-eabi/7.3.1/../../../../arm-none-eabi/lib/thumb/v7e-m/fpv5/hard\libc_nano.a(lib_a-nano-vfprintf_i.o)
 .debug_frame   0x0000000000003490       0x28 c:/st/stm32cubeide_1.3.0/stm32cubeide/plugins/com.st.stm32cube.ide.mcu.externaltools.gnu-tools-for-stm32.7-2018-q2-update.win32_1.0.0.201904181610/tools/bin/../lib/gcc/arm-none-eabi/7.3.1/../../../../arm-none-eabi/lib/thumb/v7e-m/fpv5/hard\libc_nano.a(lib_a-memcpy-stub.o)
 .debug_frame   0x00000000000034b8       0x28 c:/st/stm32cubeide_1.3.0/stm32cubeide/plugins/com.st.stm32cube.ide.mcu.externaltools.gnu-tools-for-stm32.7-2018-q2-update.win32_1.0.0.201904181610/tools/bin/../lib/gcc/arm-none-eabi/7.3.1/../../../../arm-none-eabi/lib/thumb/v7e-m/fpv5/hard\libc_nano.a(lib_a-memmove.o)
 .debug_frame   0x00000000000034e0       0x38 c:/st/stm32cubeide_1.3.0/stm32cubeide/plugins/com.st.stm32cube.ide.mcu.externaltools.gnu-tools-for-stm32.7-2018-q2-update.win32_1.0.0.201904181610/tools/bin/../lib/gcc/arm-none-eabi/7.3.1/../../../../arm-none-eabi/lib/thumb/v7e-m/fpv5/hard\libc_nano.a(lib_a-nano-freer.o)
 .debug_frame   0x0000000000003518       0x2c c:/st/stm32cubeide_1.3.0/stm32cubeide/plugins/com.st.stm32cube.ide.mcu.externaltools.gnu-tools-for-stm32.7-2018-q2-update.win32_1.0.0.201904181610/tools/bin/../lib/gcc/arm-none-eabi/7.3.1/../../../../arm-none-eabi/lib/thumb/v7e-m/fpv5/hard\libc_nano.a(lib_a-nano-mallocr.o)
 .debug_frame   0x0000000000003544       0x3c c:/st/stm32cubeide_1.3.0/stm32cubeide/plugins/com.st.stm32cube.ide.mcu.externaltools.gnu-tools-for-stm32.7-2018-q2-update.win32_1.0.0.201904181610/tools/bin/../lib/gcc/arm-none-eabi/7.3.1/../../../../arm-none-eabi/lib/thumb/v7e-m/fpv5/hard\libc_nano.a(lib_a-nano-reallocr.o)
 .debug_frame   0x0000000000003580       0x2c c:/st/stm32cubeide_1.3.0/stm32cubeide/plugins/com.st.stm32cube.ide.mcu.externaltools.gnu-tools-for-stm32.7-2018-q2-update.win32_1.0.0.201904181610/tools/bin/../lib/gcc/arm-none-eabi/7.3.1/../../../../arm-none-eabi/lib/thumb/v7e-m/fpv5/hard\libc_nano.a(lib_a-sbrkr.o)
 .debug_frame   0x00000000000035ac       0x30 c:/st/stm32cubeide_1.3.0/stm32cubeide/plugins/com.st.stm32cube.ide.mcu.externaltools.gnu-tools-for-stm32.7-2018-q2-update.win32_1.0.0.201904181610/tools/bin/../lib/gcc/arm-none-eabi/7.3.1/../../../../arm-none-eabi/lib/thumb/v7e-m/fpv5/hard\libc_nano.a(lib_a-mlock.o)
 .debug_frame   0x00000000000035dc       0x20 c:/st/stm32cubeide_1.3.0/stm32cubeide/plugins/com.st.stm32cube.ide.mcu.externaltools.gnu-tools-for-stm32.7-2018-q2-update.win32_1.0.0.201904181610/tools/bin/../lib/gcc/arm-none-eabi/7.3.1/../../../../arm-none-eabi/lib/thumb/v7e-m/fpv5/hard\libc_nano.a(lib_a-nano-msizer.o)
 .debug_frame   0x00000000000035fc       0x5c c:/st/stm32cubeide_1.3.0/stm32cubeide/plugins/com.st.stm32cube.ide.mcu.externaltools.gnu-tools-for-stm32.7-2018-q2-update.win32_1.0.0.201904181610/tools/bin/../lib/gcc/arm-none-eabi/7.3.1/../../../../arm-none-eabi/lib/thumb/v7e-m/fpv5/hard\libc_nano.a(lib_a-reent.o)
 .debug_frame   0x0000000000003658       0x2c c:/st/stm32cubeide_1.3.0/stm32cubeide/plugins/com.st.stm32cube.ide.mcu.externaltools.gnu-tools-for-stm32.7-2018-q2-update.win32_1.0.0.201904181610/tools/bin/../lib/gcc/arm-none-eabi/7.3.1/thumb/v7e-m/fpv5/hard\libgcc.a(_aeabi_uldivmod.o)
 .debug_frame   0x0000000000003684       0x34 c:/st/stm32cubeide_1.3.0/stm32cubeide/plugins/com.st.stm32cube.ide.mcu.externaltools.gnu-tools-for-stm32.7-2018-q2-update.win32_1.0.0.201904181610/tools/bin/../lib/gcc/arm-none-eabi/7.3.1/thumb/v7e-m/fpv5/hard\libgcc.a(_udivmoddi4.o)
